16:55:31 **** Build of project rtos_task_management_bsp ****
make -k all 
"Running Make include in ps7_cortexa9_0/libsrc/coresightps_dcc_v1_5/src"
make -C ps7_cortexa9_0/libsrc/coresightps_dcc_v1_5/src -s include  "SHELL=CMD" "COMPILER=arm-none-eabi-gcc" "ARCHIVER=arm-none-eabi-ar" "COMPILER_FLAGS=  -O2 -c" "EXTRA_COMPILER_FLAGS=-mcpu=cortex-a9 -mfpu=vfpv3 -mfloat-abi=hard -nostartfiles -g -Wall -Wextra"
"Running Make include in ps7_cortexa9_0/libsrc/cpu_cortexa9_v2_7/src"
make -C ps7_cortexa9_0/libsrc/cpu_cortexa9_v2_7/src -s include  "SHELL=CMD" "COMPILER=arm-none-eabi-gcc" "ARCHIVER=arm-none-eabi-ar" "COMPILER_FLAGS=  -O2 -c" "EXTRA_COMPILER_FLAGS=-mcpu=cortex-a9 -mfpu=vfpv3 -mfloat-abi=hard -nostartfiles -g -Wall -Wextra"
"Running Make include in ps7_cortexa9_0/libsrc/ddrps_v1_0/src"
make -C ps7_cortexa9_0/libsrc/ddrps_v1_0/src -s include  "SHELL=CMD" "COMPILER=arm-none-eabi-gcc" "ARCHIVER=arm-none-eabi-ar" "COMPILER_FLAGS=  -O2 -c" "EXTRA_COMPILER_FLAGS=-mcpu=cortex-a9 -mfpu=vfpv3 -mfloat-abi=hard -nostartfiles -g -Wall -Wextra"
"Running Make include in ps7_cortexa9_0/libsrc/devcfg_v3_5/src"
make -C ps7_cortexa9_0/libsrc/devcfg_v3_5/src -s include  "SHELL=CMD" "COMPILER=arm-none-eabi-gcc" "ARCHIVER=arm-none-eabi-ar" "COMPILER_FLAGS=  -O2 -c" "EXTRA_COMPILER_FLAGS=-mcpu=cortex-a9 -mfpu=vfpv3 -mfloat-abi=hard -nostartfiles -g -Wall -Wextra"
"Running Make include in ps7_cortexa9_0/libsrc/dmaps_v2_4/src"
make -C ps7_cortexa9_0/libsrc/dmaps_v2_4/src -s include  "SHELL=CMD" "COMPILER=arm-none-eabi-gcc" "ARCHIVER=arm-none-eabi-ar" "COMPILER_FLAGS=  -O2 -c" "EXTRA_COMPILER_FLAGS=-mcpu=cortex-a9 -mfpu=vfpv3 -mfloat-abi=hard -nostartfiles -g -Wall -Wextra"
"Running Make include in ps7_cortexa9_0/libsrc/emacps_v3_9/src"
make -C ps7_cortexa9_0/libsrc/emacps_v3_9/src -s include  "SHELL=CMD" "COMPILER=arm-none-eabi-gcc" "ARCHIVER=arm-none-eabi-ar" "COMPILER_FLAGS=  -O2 -c" "EXTRA_COMPILER_FLAGS=-mcpu=cortex-a9 -mfpu=vfpv3 -mfloat-abi=hard -nostartfiles -g -Wall -Wextra"
"Running Make include in ps7_cortexa9_0/libsrc/freertos10_xilinx_v1_3/src"
make -C ps7_cortexa9_0/libsrc/freertos10_xilinx_v1_3/src -s include  "SHELL=CMD" "COMPILER=arm-none-eabi-gcc" "ARCHIVER=arm-none-eabi-ar" "COMPILER_FLAGS=  -O2 -c" "EXTRA_COMPILER_FLAGS=-mcpu=cortex-a9 -mfpu=vfpv3 -mfloat-abi=hard -nostartfiles -g -Wall -Wextra"
"include"
"Running Make include in ps7_cortexa9_0/libsrc/gpiops_v3_5/src"
make -C ps7_cortexa9_0/libsrc/gpiops_v3_5/src -s include  "SHELL=CMD" "COMPILER=arm-none-eabi-gcc" "ARCHIVER=arm-none-eabi-ar" "COMPILER_FLAGS=  -O2 -c" "EXTRA_COMPILER_FLAGS=-mcpu=cortex-a9 -mfpu=vfpv3 -mfloat-abi=hard -nostartfiles -g -Wall -Wextra"
"Running Make include in ps7_cortexa9_0/libsrc/gpio_v4_4/src"
make -C ps7_cortexa9_0/libsrc/gpio_v4_4/src -s include  "SHELL=CMD" "COMPILER=arm-none-eabi-gcc" "ARCHIVER=arm-none-eabi-ar" "COMPILER_FLAGS=  -O2 -c" "EXTRA_COMPILER_FLAGS=-mcpu=cortex-a9 -mfpu=vfpv3 -mfloat-abi=hard -nostartfiles -g -Wall -Wextra"
"Running Make include in ps7_cortexa9_0/libsrc/qspips_v3_6/src"
make -C ps7_cortexa9_0/libsrc/qspips_v3_6/src -s include  "SHELL=CMD" "COMPILER=arm-none-eabi-gcc" "ARCHIVER=arm-none-eabi-ar" "COMPILER_FLAGS=  -O2 -c" "EXTRA_COMPILER_FLAGS=-mcpu=cortex-a9 -mfpu=vfpv3 -mfloat-abi=hard -nostartfiles -g -Wall -Wextra"
"Running Make include in ps7_cortexa9_0/libsrc/scugic_v4_0/src"
make -C ps7_cortexa9_0/libsrc/scugic_v4_0/src -s include  "SHELL=CMD" "COMPILER=arm-none-eabi-gcc" "ARCHIVER=arm-none-eabi-ar" "COMPILER_FLAGS=  -O2 -c" "EXTRA_COMPILER_FLAGS=-mcpu=cortex-a9 -mfpu=vfpv3 -mfloat-abi=hard -nostartfiles -g -Wall -Wextra"
"Running Make include in ps7_cortexa9_0/libsrc/scutimer_v2_1/src"
make -C ps7_cortexa9_0/libsrc/scutimer_v2_1/src -s include  "SHELL=CMD" "COMPILER=arm-none-eabi-gcc" "ARCHIVER=arm-none-eabi-ar" "COMPILER_FLAGS=  -O2 -c" "EXTRA_COMPILER_FLAGS=-mcpu=cortex-a9 -mfpu=vfpv3 -mfloat-abi=hard -nostartfiles -g -Wall -Wextra"
"Running Make include in ps7_cortexa9_0/libsrc/scuwdt_v2_1/src"
make -C ps7_cortexa9_0/libsrc/scuwdt_v2_1/src -s include  "SHELL=CMD" "COMPILER=arm-none-eabi-gcc" "ARCHIVER=arm-none-eabi-ar" "COMPILER_FLAGS=  -O2 -c" "EXTRA_COMPILER_FLAGS=-mcpu=cortex-a9 -mfpu=vfpv3 -mfloat-abi=hard -nostartfiles -g -Wall -Wextra"
"Running Make include in ps7_cortexa9_0/libsrc/sdps_v3_7/src"
make -C ps7_cortexa9_0/libsrc/sdps_v3_7/src -s include  "SHELL=CMD" "COMPILER=arm-none-eabi-gcc" "ARCHIVER=arm-none-eabi-ar" "COMPILER_FLAGS=  -O2 -c" "EXTRA_COMPILER_FLAGS=-mcpu=cortex-a9 -mfpu=vfpv3 -mfloat-abi=hard -nostartfiles -g -Wall -Wextra"
"Running Make include in ps7_cortexa9_0/libsrc/ttcps_v3_9/src"
make -C ps7_cortexa9_0/libsrc/ttcps_v3_9/src -s include  "SHELL=CMD" "COMPILER=arm-none-eabi-gcc" "ARCHIVER=arm-none-eabi-ar" "COMPILER_FLAGS=  -O2 -c" "EXTRA_COMPILER_FLAGS=-mcpu=cortex-a9 -mfpu=vfpv3 -mfloat-abi=hard -nostartfiles -g -Wall -Wextra"
"Running Make include in ps7_cortexa9_0/libsrc/uartps_v3_7/src"
make -C ps7_cortexa9_0/libsrc/uartps_v3_7/src -s include  "SHELL=CMD" "COMPILER=arm-none-eabi-gcc" "ARCHIVER=arm-none-eabi-ar" "COMPILER_FLAGS=  -O2 -c" "EXTRA_COMPILER_FLAGS=-mcpu=cortex-a9 -mfpu=vfpv3 -mfloat-abi=hard -nostartfiles -g -Wall -Wextra"
"Running Make include in ps7_cortexa9_0/libsrc/usbps_v2_4/src"
make -C ps7_cortexa9_0/libsrc/usbps_v2_4/src -s include  "SHELL=CMD" "COMPILER=arm-none-eabi-gcc" "ARCHIVER=arm-none-eabi-ar" "COMPILER_FLAGS=  -O2 -c" "EXTRA_COMPILER_FLAGS=-mcpu=cortex-a9 -mfpu=vfpv3 -mfloat-abi=hard -nostartfiles -g -Wall -Wextra"
"Running Make include in ps7_cortexa9_0/libsrc/xadcps_v2_3/src"
make -C ps7_cortexa9_0/libsrc/xadcps_v2_3/src -s include  "SHELL=CMD" "COMPILER=arm-none-eabi-gcc" "ARCHIVER=arm-none-eabi-ar" "COMPILER_FLAGS=  -O2 -c" "EXTRA_COMPILER_FLAGS=-mcpu=cortex-a9 -mfpu=vfpv3 -mfloat-abi=hard -nostartfiles -g -Wall -Wextra"
"Running Make libs in ps7_cortexa9_0/libsrc/coresightps_dcc_v1_5/src"
make -C ps7_cortexa9_0/libsrc/coresightps_dcc_v1_5/src -s libs  "SHELL=CMD" "COMPILER=arm-none-eabi-gcc" "ARCHIVER=arm-none-eabi-ar" "COMPILER_FLAGS=  -O2 -c" "EXTRA_COMPILER_FLAGS=-mcpu=cortex-a9 -mfpu=vfpv3 -mfloat-abi=hard -nostartfiles -g -Wall -Wextra"
"Compiling coresightps_dcc"
arm-none-eabi-ar: creating ../../../lib/libxil.a
"Running Make libs in ps7_cortexa9_0/libsrc/cpu_cortexa9_v2_7/src"
make -C ps7_cortexa9_0/libsrc/cpu_cortexa9_v2_7/src -s libs  "SHELL=CMD" "COMPILER=arm-none-eabi-gcc" "ARCHIVER=arm-none-eabi-ar" "COMPILER_FLAGS=  -O2 -c" "EXTRA_COMPILER_FLAGS=-mcpu=cortex-a9 -mfpu=vfpv3 -mfloat-abi=hard -nostartfiles -g -Wall -Wextra"
"Compiling cpu_cortexa9"
"Running Make libs in ps7_cortexa9_0/libsrc/ddrps_v1_0/src"
make -C ps7_cortexa9_0/libsrc/ddrps_v1_0/src -s libs  "SHELL=CMD" "COMPILER=arm-none-eabi-gcc" "ARCHIVER=arm-none-eabi-ar" "COMPILER_FLAGS=  -O2 -c" "EXTRA_COMPILER_FLAGS=-mcpu=cortex-a9 -mfpu=vfpv3 -mfloat-abi=hard -nostartfiles -g -Wall -Wextra"
"Compiling ddrps"
"Running Make libs in ps7_cortexa9_0/libsrc/devcfg_v3_5/src"
make -C ps7_cortexa9_0/libsrc/devcfg_v3_5/src -s libs  "SHELL=CMD" "COMPILER=arm-none-eabi-gcc" "ARCHIVER=arm-none-eabi-ar" "COMPILER_FLAGS=  -O2 -c" "EXTRA_COMPILER_FLAGS=-mcpu=cortex-a9 -mfpu=vfpv3 -mfloat-abi=hard -nostartfiles -g -Wall -Wextra"
"Compiling devcfg"
"Running Make libs in ps7_cortexa9_0/libsrc/dmaps_v2_4/src"
make -C ps7_cortexa9_0/libsrc/dmaps_v2_4/src -s libs  "SHELL=CMD" "COMPILER=arm-none-eabi-gcc" "ARCHIVER=arm-none-eabi-ar" "COMPILER_FLAGS=  -O2 -c" "EXTRA_COMPILER_FLAGS=-mcpu=cortex-a9 -mfpu=vfpv3 -mfloat-abi=hard -nostartfiles -g -Wall -Wextra"
"Compiling dmaps"
"Running Make libs in ps7_cortexa9_0/libsrc/emacps_v3_9/src"
make -C ps7_cortexa9_0/libsrc/emacps_v3_9/src -s libs  "SHELL=CMD" "COMPILER=arm-none-eabi-gcc" "ARCHIVER=arm-none-eabi-ar" "COMPILER_FLAGS=  -O2 -c" "EXTRA_COMPILER_FLAGS=-mcpu=cortex-a9 -mfpu=vfpv3 -mfloat-abi=hard -nostartfiles -g -Wall -Wextra"
"Compiling emacps"
"Running Make libs in ps7_cortexa9_0/libsrc/freertos10_xilinx_v1_3/src"
make -C ps7_cortexa9_0/libsrc/freertos10_xilinx_v1_3/src -s libs  "SHELL=CMD" "COMPILER=arm-none-eabi-gcc" "ARCHIVER=arm-none-eabi-ar" "COMPILER_FLAGS=  -O2 -c" "EXTRA_COMPILER_FLAGS=-mcpu=cortex-a9 -mfpu=vfpv3 -mfloat-abi=hard -nostartfiles -g -Wall -Wextra"
"Compiling standalone"
"Compiling FreeRTOS"
arm-none-eabi-ar: creating ../../../lib/libfreertos.a
"Running Make libs in ps7_cortexa9_0/libsrc/gpiops_v3_5/src"
make -C ps7_cortexa9_0/libsrc/gpiops_v3_5/src -s libs  "SHELL=CMD" "COMPILER=arm-none-eabi-gcc" "ARCHIVER=arm-none-eabi-ar" "COMPILER_FLAGS=  -O2 -c" "EXTRA_COMPILER_FLAGS=-mcpu=cortex-a9 -mfpu=vfpv3 -mfloat-abi=hard -nostartfiles -g -Wall -Wextra"
"Compiling gpiops"
"Running Make libs in ps7_cortexa9_0/libsrc/gpio_v4_4/src"
make -C ps7_cortexa9_0/libsrc/gpio_v4_4/src -s libs  "SHELL=CMD" "COMPILER=arm-none-eabi-gcc" "ARCHIVER=arm-none-eabi-ar" "COMPILER_FLAGS=  -O2 -c" "EXTRA_COMPILER_FLAGS=-mcpu=cortex-a9 -mfpu=vfpv3 -mfloat-abi=hard -nostartfiles -g -Wall -Wextra"
"Compiling gpio"
"Running Make libs in ps7_cortexa9_0/libsrc/qspips_v3_6/src"
make -C ps7_cortexa9_0/libsrc/qspips_v3_6/src -s libs  "SHELL=CMD" "COMPILER=arm-none-eabi-gcc" "ARCHIVER=arm-none-eabi-ar" "COMPILER_FLAGS=  -O2 -c" "EXTRA_COMPILER_FLAGS=-mcpu=cortex-a9 -mfpu=vfpv3 -mfloat-abi=hard -nostartfiles -g -Wall -Wextra"
"Compiling qspips"
"Running Make libs in ps7_cortexa9_0/libsrc/scugic_v4_0/src"
make -C ps7_cortexa9_0/libsrc/scugic_v4_0/src -s libs  "SHELL=CMD" "COMPILER=arm-none-eabi-gcc" "ARCHIVER=arm-none-eabi-ar" "COMPILER_FLAGS=  -O2 -c" "EXTRA_COMPILER_FLAGS=-mcpu=cortex-a9 -mfpu=vfpv3 -mfloat-abi=hard -nostartfiles -g -Wall -Wextra"
"Compiling scugic"
"Running Make libs in ps7_cortexa9_0/libsrc/scutimer_v2_1/src"
make -C ps7_cortexa9_0/libsrc/scutimer_v2_1/src -s libs  "SHELL=CMD" "COMPILER=arm-none-eabi-gcc" "ARCHIVER=arm-none-eabi-ar" "COMPILER_FLAGS=  -O2 -c" "EXTRA_COMPILER_FLAGS=-mcpu=cortex-a9 -mfpu=vfpv3 -mfloat-abi=hard -nostartfiles -g -Wall -Wextra"
"Compiling scutimer"
"Running Make libs in ps7_cortexa9_0/libsrc/scuwdt_v2_1/src"
make -C ps7_cortexa9_0/libsrc/scuwdt_v2_1/src -s libs  "SHELL=CMD" "COMPILER=arm-none-eabi-gcc" "ARCHIVER=arm-none-eabi-ar" "COMPILER_FLAGS=  -O2 -c" "EXTRA_COMPILER_FLAGS=-mcpu=cortex-a9 -mfpu=vfpv3 -mfloat-abi=hard -nostartfiles -g -Wall -Wextra"
"Compiling scuwdt"
"Running Make libs in ps7_cortexa9_0/libsrc/sdps_v3_7/src"
make -C ps7_cortexa9_0/libsrc/sdps_v3_7/src -s libs  "SHELL=CMD" "COMPILER=arm-none-eabi-gcc" "ARCHIVER=arm-none-eabi-ar" "COMPILER_FLAGS=  -O2 -c" "EXTRA_COMPILER_FLAGS=-mcpu=cortex-a9 -mfpu=vfpv3 -mfloat-abi=hard -nostartfiles -g -Wall -Wextra"
"Compiling sdps"
"Running Make libs in ps7_cortexa9_0/libsrc/ttcps_v3_9/src"
make -C ps7_cortexa9_0/libsrc/ttcps_v3_9/src -s libs  "SHELL=CMD" "COMPILER=arm-none-eabi-gcc" "ARCHIVER=arm-none-eabi-ar" "COMPILER_FLAGS=  -O2 -c" "EXTRA_COMPILER_FLAGS=-mcpu=cortex-a9 -mfpu=vfpv3 -mfloat-abi=hard -nostartfiles -g -Wall -Wextra"
"Compiling ttcps"
"Running Make libs in ps7_cortexa9_0/libsrc/uartps_v3_7/src"
make -C ps7_cortexa9_0/libsrc/uartps_v3_7/src -s libs  "SHELL=CMD" "COMPILER=arm-none-eabi-gcc" "ARCHIVER=arm-none-eabi-ar" "COMPILER_FLAGS=  -O2 -c" "EXTRA_COMPILER_FLAGS=-mcpu=cortex-a9 -mfpu=vfpv3 -mfloat-abi=hard -nostartfiles -g -Wall -Wextra"
"Compiling uartps"
"Running Make libs in ps7_cortexa9_0/libsrc/usbps_v2_4/src"
make -C ps7_cortexa9_0/libsrc/usbps_v2_4/src -s libs  "SHELL=CMD" "COMPILER=arm-none-eabi-gcc" "ARCHIVER=arm-none-eabi-ar" "COMPILER_FLAGS=  -O2 -c" "EXTRA_COMPILER_FLAGS=-mcpu=cortex-a9 -mfpu=vfpv3 -mfloat-abi=hard -nostartfiles -g -Wall -Wextra"
"Compiling usbps"
"Running Make libs in ps7_cortexa9_0/libsrc/xadcps_v2_3/src"
make -C ps7_cortexa9_0/libsrc/xadcps_v2_3/src -s libs  "SHELL=CMD" "COMPILER=arm-none-eabi-gcc" "ARCHIVER=arm-none-eabi-ar" "COMPILER_FLAGS=  -O2 -c" "EXTRA_COMPILER_FLAGS=-mcpu=cortex-a9 -mfpu=vfpv3 -mfloat-abi=hard -nostartfiles -g -Wall -Wextra"
"Compiling xadcps"
'Finished building libraries'
16:56:35 **** Build of configuration Debug for project rtos_task_management ****
make pre-build main-build 
a9-linaro-pre-build-step
' '
'Building file: ../src/freertos_hello_world.c'
'Invoking: ARM v7 gcc compiler'
arm-none-eabi-gcc -Wall -O0 -g3 -c -fmessage-length=0 -MT"src/freertos_hello_world.o" -mcpu=cortex-a9 -mfpu=vfpv3 -mfloat-abi=hard -I../../rtos_task_management_bsp/ps7_cortexa9_0/include -MMD -MP -MF"src/freertos_hello_world.d" -MT"src/freertos_hello_world.o" -o "src/freertos_hello_world.o" "../src/freertos_hello_world.c"
'Finished building: ../src/freertos_hello_world.c'
' '
'Building target: rtos_task_management.elf'
'Invoking: ARM v7 gcc linker'
arm-none-eabi-gcc -mcpu=cortex-a9 -mfpu=vfpv3 -mfloat-abi=hard -Wl,-build-id=none -specs=Xilinx.spec -Wl,-T -Wl,../src/lscript.ld -L../../rtos_task_management_bsp/ps7_cortexa9_0/lib -o "rtos_task_management.elf"  ./src/freertos_hello_world.o   -Wl,--start-group,-lxil,-lfreertos,-lgcc,-lc,--end-group
'Finished building target: rtos_task_management.elf'
' '
'Invoking: ARM v7 Print Size'
arm-none-eabi-size rtos_task_management.elf  |tee "rtos_task_management.elf.size"
   text	   data	    bss	    dec	    hex	filename
  77708	   3388	  89424	 170520	  29a18	rtos_task_management.elf
'Finished building: rtos_task_management.elf.size'
' '
16:56:38 **** Auto Build of configuration Debug for project rtos_task_management ****
make pre-build main-build 
a9-linaro-pre-build-step
' '
make: Nothing to be done for 'main-build'.
19:48:31 **** Incremental Build of configuration Debug for project rtos_task_management ****
make pre-build main-build 
a9-linaro-pre-build-step
' '
make: Nothing to be done for 'main-build'.
23:29:01 **** Build of configuration Debug for project rtos_task_management ****
make pre-build main-build 
a9-linaro-pre-build-step
' '
'Building file: ../src/rtos_task_management.c'
'Invoking: ARM v7 gcc compiler'
arm-none-eabi-gcc -Wall -O0 -g3 -c -fmessage-length=0 -MT"src/rtos_task_management.o" -mcpu=cortex-a9 -mfpu=vfpv3 -mfloat-abi=hard -I../../rtos_task_management_bsp/ps7_cortexa9_0/include -MMD -MP -MF"src/rtos_task_management.d" -MT"src/rtos_task_management.o" -o "src/rtos_task_management.o" "../src/rtos_task_management.c"
../src/rtos_task_management.c: In function 'main':
../src/rtos_task_management.c:109:6: warning: passing argument 6 of 'xTaskCreate' from incompatible pointer type [-Wincompatible-pointer-types]
      xTaskLED );
      ^~~~~~~~
In file included from ../src/rtos_task_management.c:57:
../../rtos_task_management_bsp/ps7_cortexa9_0/include/task.h:327:29: note: expected 'struct tskTaskControlBlock ** const' but argument is of type 'TaskHandle_t' {aka 'struct tskTaskControlBlock *'}
        TaskHandle_t * const pxCreatedTask ) PRIVILEGED_FUNCTION;
        ~~~~~~~~~~~~~~~~~~~~~^~~~~~~~~~~~~
'Finished building: ../src/rtos_task_management.c'
' '
'Building target: rtos_task_management.elf'
'Invoking: ARM v7 gcc linker'
arm-none-eabi-gcc -mcpu=cortex-a9 -mfpu=vfpv3 -mfloat-abi=hard -Wl,-build-id=none -specs=Xilinx.spec -Wl,-T -Wl,../src/lscript.ld -L../../rtos_task_management_bsp/ps7_cortexa9_0/lib -o "rtos_task_management.elf"  ./src/rtos_task_management.o   -Wl,--start-group,-lxil,-lfreertos,-lgcc,-lc,--end-group
'Finished building target: rtos_task_management.elf'
' '
'Invoking: ARM v7 Print Size'
arm-none-eabi-size rtos_task_management.elf  |tee "rtos_task_management.elf.size"
   text	   data	    bss	    dec	    hex	filename
  78188	   3400	  89456	 171044	  29c24	rtos_task_management.elf
'Finished building: rtos_task_management.elf.size'
' '
23:30:01 **** Incremental Build of configuration Debug for project rtos_task_management ****
make pre-build main-build 
a9-linaro-pre-build-step
' '
make: Nothing to be done for 'main-build'.
23:30:18 **** Incremental Build of configuration Debug for project rtos_task_management ****
make pre-build main-build 
a9-linaro-pre-build-step
' '
make: Nothing to be done for 'main-build'.
23:40:07 **** Auto Build of configuration Debug for project rtos_task_management ****
make pre-build main-build 
a9-linaro-pre-build-step
' '
'Building file: ../src/rtos_task_management.c'
'Invoking: ARM v7 gcc compiler'
arm-none-eabi-gcc -Wall -O0 -g3 -c -fmessage-length=0 -MT"src/rtos_task_management.o" -mcpu=cortex-a9 -mfpu=vfpv3 -mfloat-abi=hard -I../../rtos_task_management_bsp/ps7_cortexa9_0/include -MMD -MP -MF"src/rtos_task_management.d" -MT"src/rtos_task_management.o" -o "src/rtos_task_management.o" "../src/rtos_task_management.c"
../src/rtos_task_management.c:61:10: fatal error: printf.h: No such file or directory
 #include "printf.h"
          ^~~~~~~~~~
compilation terminated.
make: *** [src/subdir.mk:23: src/rtos_task_management.o] Error 1
23:40:21 **** Auto Build of configuration Debug for project rtos_task_management ****
make pre-build main-build 
a9-linaro-pre-build-step
' '
'Building file: ../src/rtos_task_management.c'
'Invoking: ARM v7 gcc compiler'
arm-none-eabi-gcc -Wall -O0 -g3 -c -fmessage-length=0 -MT"src/rtos_task_management.o" -mcpu=cortex-a9 -mfpu=vfpv3 -mfloat-abi=hard -I../../rtos_task_management_bsp/ps7_cortexa9_0/include -MMD -MP -MF"src/rtos_task_management.d" -MT"src/rtos_task_management.o" -o "src/rtos_task_management.o" "../src/rtos_task_management.c"
../src/rtos_task_management.c:61:10: fatal error: printf.h: No such file or directory
 #include "printf.h"
          ^~~~~~~~~~
compilation terminated.
make: *** [src/subdir.mk:23: src/rtos_task_management.o] Error 1
23:40:37 **** Auto Build of configuration Debug for project rtos_task_management ****
make pre-build main-build 
a9-linaro-pre-build-step
' '
'Building file: ../src/rtos_task_management.c'
'Invoking: ARM v7 gcc compiler'
arm-none-eabi-gcc -Wall -O0 -g3 -c -fmessage-length=0 -MT"src/rtos_task_management.o" -mcpu=cortex-a9 -mfpu=vfpv3 -mfloat-abi=hard -I../../rtos_task_management_bsp/ps7_cortexa9_0/include -MMD -MP -MF"src/rtos_task_management.d" -MT"src/rtos_task_management.o" -o "src/rtos_task_management.o" "../src/rtos_task_management.c"
../src/rtos_task_management.c: In function 'main':
../src/rtos_task_management.c:101:2: warning: implicit declaration of function 'printf' [-Wimplicit-function-declaration]
  printf( "Starting TaskLED. . ." );
  ^~~~~~
../src/rtos_task_management.c:101:2: warning: incompatible implicit declaration of built-in function 'printf'
../src/rtos_task_management.c:101:2: note: include '<stdio.h>' or provide a declaration of 'printf'
../src/rtos_task_management.c:65:1:
+#include <stdio.h>
 //#define printf xil_printf
../src/rtos_task_management.c:101:2:
  printf( "Starting TaskLED. . ." );
  ^~~~~~
../src/rtos_task_management.c:109:6: warning: passing argument 6 of 'xTaskCreate' from incompatible pointer type [-Wincompatible-pointer-types]
      xTaskLED );
      ^~~~~~~~
In file included from ../src/rtos_task_management.c:57:
../../rtos_task_management_bsp/ps7_cortexa9_0/include/task.h:327:29: note: expected 'struct tskTaskControlBlock ** const' but argument is of type 'TaskHandle_t' {aka 'struct tskTaskControlBlock *'}
        TaskHandle_t * const pxCreatedTask ) PRIVILEGED_FUNCTION;
        ~~~~~~~~~~~~~~~~~~~~~^~~~~~~~~~~~~
'Finished building: ../src/rtos_task_management.c'
' '
'Building target: rtos_task_management.elf'
'Invoking: ARM v7 gcc linker'
arm-none-eabi-gcc -mcpu=cortex-a9 -mfpu=vfpv3 -mfloat-abi=hard -Wl,-build-id=none -specs=Xilinx.spec -Wl,-T -Wl,../src/lscript.ld -L../../rtos_task_management_bsp/ps7_cortexa9_0/lib -o "rtos_task_management.elf"  ./src/rtos_task_management.o   -Wl,--start-group,-lxil,-lfreertos,-lgcc,-lc,--end-group
'Finished building target: rtos_task_management.elf'
' '
'Invoking: ARM v7 Print Size'
arm-none-eabi-size rtos_task_management.elf  |tee "rtos_task_management.elf.size"
   text	   data	    bss	    dec	    hex	filename
  94292	   3404	  89456	 187152	  2db10	rtos_task_management.elf
'Finished building: rtos_task_management.elf.size'
' '
23:59:25 **** Auto Build of configuration Debug for project rtos_task_management ****
make pre-build main-build 
a9-linaro-pre-build-step
' '
'Building file: ../src/rtos_task_management.c'
'Invoking: ARM v7 gcc compiler'
arm-none-eabi-gcc -Wall -O0 -g3 -c -fmessage-length=0 -MT"src/rtos_task_management.o" -mcpu=cortex-a9 -mfpu=vfpv3 -mfloat-abi=hard -I../../rtos_task_management_bsp/ps7_cortexa9_0/include -MMD -MP -MF"src/rtos_task_management.d" -MT"src/rtos_task_management.o" -o "src/rtos_task_management.o" "../src/rtos_task_management.c"
../src/rtos_task_management.c: In function 'main':
../src/rtos_task_management.c:107:2: warning: implicit declaration of function 'printf' [-Wimplicit-function-declaration]
  printf( "Starting TaskLED. . .\r\n" );
  ^~~~~~
../src/rtos_task_management.c:107:2: warning: incompatible implicit declaration of built-in function 'printf'
../src/rtos_task_management.c:107:2: note: include '<stdio.h>' or provide a declaration of 'printf'
../src/rtos_task_management.c:66:1:
+#include <stdio.h>
 //#define printf xil_printf
../src/rtos_task_management.c:107:2:
  printf( "Starting TaskLED. . .\r\n" );
  ^~~~~~
../src/rtos_task_management.c:114:6: warning: passing argument 6 of 'xTaskCreate' from incompatible pointer type [-Wincompatible-pointer-types]
      xTaskLED );
      ^~~~~~~~
In file included from ../src/rtos_task_management.c:58:
../../rtos_task_management_bsp/ps7_cortexa9_0/include/task.h:327:29: note: expected 'struct tskTaskControlBlock ** const' but argument is of type 'TaskHandle_t' {aka 'struct tskTaskControlBlock *'}
        TaskHandle_t * const pxCreatedTask ) PRIVILEGED_FUNCTION;
        ~~~~~~~~~~~~~~~~~~~~~^~~~~~~~~~~~~
../src/rtos_task_management.c:124:5: warning: passing argument 5 of 'xTaskCreate' makes integer from pointer without a cast [-Wint-conversion]
     xTaskBTN );      /* The next to lowest priority. */
     ^~~~~~~~
In file included from ../src/rtos_task_management.c:58:
../../rtos_task_management_bsp/ps7_cortexa9_0/include/task.h:326:20: note: expected 'UBaseType_t' {aka 'long unsigned int'} but argument is of type 'TaskHandle_t' {aka 'struct tskTaskControlBlock *'}
        UBaseType_t uxPriority,
        ~~~~~~~~~~~~^~~~~~~~~~
../src/rtos_task_management.c:119:2: error: too few arguments to function 'xTaskCreate'
  xTaskCreate(
  ^~~~~~~~~~~
In file included from ../src/rtos_task_management.c:58:
../../rtos_task_management_bsp/ps7_cortexa9_0/include/task.h:322:13: note: declared here
  BaseType_t xTaskCreate( TaskFunction_t pxTaskCode,
             ^~~~~~~~~~~
make: *** [src/subdir.mk:23: src/rtos_task_management.o] Error 1
00:00:29 **** Auto Build of configuration Debug for project rtos_task_management ****
make pre-build main-build 
a9-linaro-pre-build-step
' '
'Building file: ../src/rtos_task_management.c'
'Invoking: ARM v7 gcc compiler'
arm-none-eabi-gcc -Wall -O0 -g3 -c -fmessage-length=0 -MT"src/rtos_task_management.o" -mcpu=cortex-a9 -mfpu=vfpv3 -mfloat-abi=hard -I../../rtos_task_management_bsp/ps7_cortexa9_0/include -MMD -MP -MF"src/rtos_task_management.d" -MT"src/rtos_task_management.o" -o "src/rtos_task_management.o" "../src/rtos_task_management.c"
../src/rtos_task_management.c: In function 'main':
../src/rtos_task_management.c:107:2: warning: implicit declaration of function 'printf' [-Wimplicit-function-declaration]
  printf( "Starting TaskLED. . .\r\n" );
  ^~~~~~
../src/rtos_task_management.c:107:2: warning: incompatible implicit declaration of built-in function 'printf'
../src/rtos_task_management.c:107:2: note: include '<stdio.h>' or provide a declaration of 'printf'
../src/rtos_task_management.c:66:1:
+#include <stdio.h>
 //#define printf xil_printf
../src/rtos_task_management.c:107:2:
  printf( "Starting TaskLED. . .\r\n" );
  ^~~~~~
../src/rtos_task_management.c:114:6: warning: passing argument 6 of 'xTaskCreate' from incompatible pointer type [-Wincompatible-pointer-types]
      xTaskLED );
      ^~~~~~~~
In file included from ../src/rtos_task_management.c:58:
../../rtos_task_management_bsp/ps7_cortexa9_0/include/task.h:327:29: note: expected 'struct tskTaskControlBlock ** const' but argument is of type 'TaskHandle_t' {aka 'struct tskTaskControlBlock *'}
        TaskHandle_t * const pxCreatedTask ) PRIVILEGED_FUNCTION;
        ~~~~~~~~~~~~~~~~~~~~~^~~~~~~~~~~~~
../src/rtos_task_management.c:124:22: error: expected ')' before 'xTaskBTN'
     ( UBaseType_t ) 1    /* The next to lowest priority. */
                      ^
                      )
     xTaskBTN);
     ~~~~~~~~          
../src/rtos_task_management.c:119:2: error: too few arguments to function 'xTaskCreate'
  xTaskCreate(
  ^~~~~~~~~~~
In file included from ../src/rtos_task_management.c:58:
../../rtos_task_management_bsp/ps7_cortexa9_0/include/task.h:322:13: note: declared here
  BaseType_t xTaskCreate( TaskFunction_t pxTaskCode,
             ^~~~~~~~~~~
At top level:
../src/rtos_task_management.c:99:21: warning: 'xTaskBTN' defined but not used [-Wunused-variable]
 static TaskHandle_t xTaskBTN;
                     ^~~~~~~~
make: *** [src/subdir.mk:23: src/rtos_task_management.o] Error 1
00:01:05 **** Auto Build of configuration Debug for project rtos_task_management ****
make pre-build main-build 
a9-linaro-pre-build-step
' '
'Building file: ../src/rtos_task_management.c'
'Invoking: ARM v7 gcc compiler'
arm-none-eabi-gcc -Wall -O0 -g3 -c -fmessage-length=0 -MT"src/rtos_task_management.o" -mcpu=cortex-a9 -mfpu=vfpv3 -mfloat-abi=hard -I../../rtos_task_management_bsp/ps7_cortexa9_0/include -MMD -MP -MF"src/rtos_task_management.d" -MT"src/rtos_task_management.o" -o "src/rtos_task_management.o" "../src/rtos_task_management.c"
../src/rtos_task_management.c: In function 'main':
../src/rtos_task_management.c:107:2: warning: implicit declaration of function 'printf' [-Wimplicit-function-declaration]
  printf( "Starting TaskLED. . .\r\n" );
  ^~~~~~
../src/rtos_task_management.c:107:2: warning: incompatible implicit declaration of built-in function 'printf'
../src/rtos_task_management.c:107:2: note: include '<stdio.h>' or provide a declaration of 'printf'
../src/rtos_task_management.c:66:1:
+#include <stdio.h>
 //#define printf xil_printf
../src/rtos_task_management.c:107:2:
  printf( "Starting TaskLED. . .\r\n" );
  ^~~~~~
../src/rtos_task_management.c:114:6: warning: passing argument 6 of 'xTaskCreate' from incompatible pointer type [-Wincompatible-pointer-types]
      xTaskLED );
      ^~~~~~~~
In file included from ../src/rtos_task_management.c:58:
../../rtos_task_management_bsp/ps7_cortexa9_0/include/task.h:327:29: note: expected 'struct tskTaskControlBlock ** const' but argument is of type 'TaskHandle_t' {aka 'struct tskTaskControlBlock *'}
        TaskHandle_t * const pxCreatedTask ) PRIVILEGED_FUNCTION;
        ~~~~~~~~~~~~~~~~~~~~~^~~~~~~~~~~~~
../src/rtos_task_management.c:124:22: error: expected ')' before 'xTaskBTN'
     ( UBaseType_t ) 1    /* The next to lowest priority. */
                      ^
                      )
     xTaskBTN );
     ~~~~~~~~          
../src/rtos_task_management.c:119:2: error: too few arguments to function 'xTaskCreate'
  xTaskCreate(
  ^~~~~~~~~~~
In file included from ../src/rtos_task_management.c:58:
../../rtos_task_management_bsp/ps7_cortexa9_0/include/task.h:322:13: note: declared here
  BaseType_t xTaskCreate( TaskFunction_t pxTaskCode,
             ^~~~~~~~~~~
At top level:
../src/rtos_task_management.c:99:21: warning: 'xTaskBTN' defined but not used [-Wunused-variable]
 static TaskHandle_t xTaskBTN;
                     ^~~~~~~~
make: *** [src/subdir.mk:23: src/rtos_task_management.o] Error 1
00:01:34 **** Auto Build of configuration Debug for project rtos_task_management ****
make pre-build main-build 
a9-linaro-pre-build-step
' '
'Building file: ../src/rtos_task_management.c'
'Invoking: ARM v7 gcc compiler'
arm-none-eabi-gcc -Wall -O0 -g3 -c -fmessage-length=0 -MT"src/rtos_task_management.o" -mcpu=cortex-a9 -mfpu=vfpv3 -mfloat-abi=hard -I../../rtos_task_management_bsp/ps7_cortexa9_0/include -MMD -MP -MF"src/rtos_task_management.d" -MT"src/rtos_task_management.o" -o "src/rtos_task_management.o" "../src/rtos_task_management.c"
../src/rtos_task_management.c: In function 'main':
../src/rtos_task_management.c:107:2: warning: implicit declaration of function 'printf' [-Wimplicit-function-declaration]
  printf( "Starting TaskLED. . .\r\n" );
  ^~~~~~
../src/rtos_task_management.c:107:2: warning: incompatible implicit declaration of built-in function 'printf'
../src/rtos_task_management.c:107:2: note: include '<stdio.h>' or provide a declaration of 'printf'
../src/rtos_task_management.c:66:1:
+#include <stdio.h>
 //#define printf xil_printf
../src/rtos_task_management.c:107:2:
  printf( "Starting TaskLED. . .\r\n" );
  ^~~~~~
../src/rtos_task_management.c:114:6: warning: passing argument 6 of 'xTaskCreate' from incompatible pointer type [-Wincompatible-pointer-types]
      xTaskLED );
      ^~~~~~~~
In file included from ../src/rtos_task_management.c:58:
../../rtos_task_management_bsp/ps7_cortexa9_0/include/task.h:327:29: note: expected 'struct tskTaskControlBlock ** const' but argument is of type 'TaskHandle_t' {aka 'struct tskTaskControlBlock *'}
        TaskHandle_t * const pxCreatedTask ) PRIVILEGED_FUNCTION;
        ~~~~~~~~~~~~~~~~~~~~~^~~~~~~~~~~~~
../src/rtos_task_management.c:125:5: warning: passing argument 6 of 'xTaskCreate' from incompatible pointer type [-Wincompatible-pointer-types]
     xTaskBTN );
     ^~~~~~~~
In file included from ../src/rtos_task_management.c:58:
../../rtos_task_management_bsp/ps7_cortexa9_0/include/task.h:327:29: note: expected 'struct tskTaskControlBlock ** const' but argument is of type 'TaskHandle_t' {aka 'struct tskTaskControlBlock *'}
        TaskHandle_t * const pxCreatedTask ) PRIVILEGED_FUNCTION;
        ~~~~~~~~~~~~~~~~~~~~~^~~~~~~~~~~~~
'Finished building: ../src/rtos_task_management.c'
' '
'Building target: rtos_task_management.elf'
'Invoking: ARM v7 gcc linker'
arm-none-eabi-gcc -mcpu=cortex-a9 -mfpu=vfpv3 -mfloat-abi=hard -Wl,-build-id=none -specs=Xilinx.spec -Wl,-T -Wl,../src/lscript.ld -L../../rtos_task_management_bsp/ps7_cortexa9_0/lib -o "rtos_task_management.elf"  ./src/rtos_task_management.o   -Wl,--start-group,-lxil,-lfreertos,-lgcc,-lc,--end-group
'Finished building target: rtos_task_management.elf'
' '
'Invoking: ARM v7 Print Size'
arm-none-eabi-size rtos_task_management.elf  |tee "rtos_task_management.elf.size"
   text	   data	    bss	    dec	    hex	filename
  82580	   3404	  89456	 175440	  2ad50	rtos_task_management.elf
'Finished building: rtos_task_management.elf.size'
' '
00:04:12 **** Incremental Build of configuration Debug for project rtos_task_management ****
make pre-build main-build 
a9-linaro-pre-build-step
' '
make: Nothing to be done for 'main-build'.
00:04:57 **** Incremental Build of configuration Debug for project rtos_task_management ****
make pre-build main-build 
a9-linaro-pre-build-step
' '
make: Nothing to be done for 'main-build'.
00:07:24 **** Incremental Build of configuration Debug for project rtos_task_management ****
make pre-build main-build 
a9-linaro-pre-build-step
' '
'Building file: ../src/rtos_task_management.c'
'Invoking: ARM v7 gcc compiler'
arm-none-eabi-gcc -Wall -O0 -g3 -c -fmessage-length=0 -MT"src/rtos_task_management.o" -mcpu=cortex-a9 -mfpu=vfpv3 -mfloat-abi=hard -I../../rtos_task_management_bsp/ps7_cortexa9_0/include -MMD -MP -MF"src/rtos_task_management.d" -MT"src/rtos_task_management.o" -o "src/rtos_task_management.o" "../src/rtos_task_management.c"
../src/rtos_task_management.c: In function 'main':
../src/rtos_task_management.c:107:2: warning: implicit declaration of function 'printf' [-Wimplicit-function-declaration]
  printf( "Starting TaskLED. . .\r\n" );
  ^~~~~~
../src/rtos_task_management.c:107:2: warning: incompatible implicit declaration of built-in function 'printf'
../src/rtos_task_management.c:107:2: note: include '<stdio.h>' or provide a declaration of 'printf'
../src/rtos_task_management.c:66:1:
+#include <stdio.h>
 //#define printf xil_printf
../src/rtos_task_management.c:107:2:
  printf( "Starting TaskLED. . .\r\n" );
  ^~~~~~
../src/rtos_task_management.c:114:6: warning: passing argument 6 of 'xTaskCreate' from incompatible pointer type [-Wincompatible-pointer-types]
      xTaskLED );
      ^~~~~~~~
In file included from ../src/rtos_task_management.c:58:
../../rtos_task_management_bsp/ps7_cortexa9_0/include/task.h:327:29: note: expected 'struct tskTaskControlBlock ** const' but argument is of type 'TaskHandle_t' {aka 'struct tskTaskControlBlock *'}
        TaskHandle_t * const pxCreatedTask ) PRIVILEGED_FUNCTION;
        ~~~~~~~~~~~~~~~~~~~~~^~~~~~~~~~~~~
../src/rtos_task_management.c:125:5: warning: passing argument 6 of 'xTaskCreate' from incompatible pointer type [-Wincompatible-pointer-types]
     xTaskBTN );
     ^~~~~~~~
In file included from ../src/rtos_task_management.c:58:
../../rtos_task_management_bsp/ps7_cortexa9_0/include/task.h:327:29: note: expected 'struct tskTaskControlBlock ** const' but argument is of type 'TaskHandle_t' {aka 'struct tskTaskControlBlock *'}
        TaskHandle_t * const pxCreatedTask ) PRIVILEGED_FUNCTION;
        ~~~~~~~~~~~~~~~~~~~~~^~~~~~~~~~~~~
'Finished building: ../src/rtos_task_management.c'
' '
'Building target: rtos_task_management.elf'
'Invoking: ARM v7 gcc linker'
arm-none-eabi-gcc -mcpu=cortex-a9 -mfpu=vfpv3 -mfloat-abi=hard -Wl,-build-id=none -specs=Xilinx.spec -Wl,-T -Wl,../src/lscript.ld -L../../rtos_task_management_bsp/ps7_cortexa9_0/lib -o "rtos_task_management.elf"  ./src/rtos_task_management.o   -Wl,--start-group,-lxil,-lfreertos,-lgcc,-lc,--end-group
'Finished building target: rtos_task_management.elf'
' '
'Invoking: ARM v7 Print Size'
arm-none-eabi-size rtos_task_management.elf  |tee "rtos_task_management.elf.size"
   text	   data	    bss	    dec	    hex	filename
  82580	   3404	  89456	 175440	  2ad50	rtos_task_management.elf
'Finished building: rtos_task_management.elf.size'
' '
00:10:50 **** Auto Build of configuration Debug for project rtos_task_management ****
make pre-build main-build 
a9-linaro-pre-build-step
' '
'Building file: ../src/rtos_task_management.c'
'Invoking: ARM v7 gcc compiler'
arm-none-eabi-gcc -Wall -O0 -g3 -c -fmessage-length=0 -MT"src/rtos_task_management.o" -mcpu=cortex-a9 -mfpu=vfpv3 -mfloat-abi=hard -I../../rtos_task_management_bsp/ps7_cortexa9_0/include -MMD -MP -MF"src/rtos_task_management.d" -MT"src/rtos_task_management.o" -o "src/rtos_task_management.o" "../src/rtos_task_management.c"
../src/rtos_task_management.c: In function 'main':
../src/rtos_task_management.c:107:2: warning: implicit declaration of function 'printf' [-Wimplicit-function-declaration]
  printf( "Starting TaskLED. . .\r\n" );
  ^~~~~~
../src/rtos_task_management.c:107:2: warning: incompatible implicit declaration of built-in function 'printf'
../src/rtos_task_management.c:107:2: note: include '<stdio.h>' or provide a declaration of 'printf'
../src/rtos_task_management.c:66:1:
+#include <stdio.h>
 //#define printf xil_printf
../src/rtos_task_management.c:107:2:
  printf( "Starting TaskLED. . .\r\n" );
  ^~~~~~
../src/rtos_task_management.c:114:6: warning: passing argument 6 of 'xTaskCreate' from incompatible pointer type [-Wincompatible-pointer-types]
      xTaskLED );
      ^~~~~~~~
In file included from ../src/rtos_task_management.c:58:
../../rtos_task_management_bsp/ps7_cortexa9_0/include/task.h:327:29: note: expected 'struct tskTaskControlBlock ** const' but argument is of type 'TaskHandle_t' {aka 'struct tskTaskControlBlock *'}
        TaskHandle_t * const pxCreatedTask ) PRIVILEGED_FUNCTION;
        ~~~~~~~~~~~~~~~~~~~~~^~~~~~~~~~~~~
../src/rtos_task_management.c:125:5: warning: passing argument 6 of 'xTaskCreate' from incompatible pointer type [-Wincompatible-pointer-types]
     xTaskBTN );
     ^~~~~~~~
In file included from ../src/rtos_task_management.c:58:
../../rtos_task_management_bsp/ps7_cortexa9_0/include/task.h:327:29: note: expected 'struct tskTaskControlBlock ** const' but argument is of type 'TaskHandle_t' {aka 'struct tskTaskControlBlock *'}
        TaskHandle_t * const pxCreatedTask ) PRIVILEGED_FUNCTION;
        ~~~~~~~~~~~~~~~~~~~~~^~~~~~~~~~~~~
'Finished building: ../src/rtos_task_management.c'
' '
'Building target: rtos_task_management.elf'
'Invoking: ARM v7 gcc linker'
arm-none-eabi-gcc -mcpu=cortex-a9 -mfpu=vfpv3 -mfloat-abi=hard -Wl,-build-id=none -specs=Xilinx.spec -Wl,-T -Wl,../src/lscript.ld -L../../rtos_task_management_bsp/ps7_cortexa9_0/lib -o "rtos_task_management.elf"  ./src/rtos_task_management.o   -Wl,--start-group,-lxil,-lfreertos,-lgcc,-lc,--end-group
'Finished building target: rtos_task_management.elf'
' '
'Invoking: ARM v7 Print Size'
arm-none-eabi-size rtos_task_management.elf  |tee "rtos_task_management.elf.size"
   text	   data	    bss	    dec	    hex	filename
  82580	   3404	  89456	 175440	  2ad50	rtos_task_management.elf
'Finished building: rtos_task_management.elf.size'
' '
00:11:27 **** Incremental Build of configuration Debug for project rtos_task_management ****
make pre-build main-build 
a9-linaro-pre-build-step
' '
make: Nothing to be done for 'main-build'.
00:12:20 **** Incremental Build of configuration Debug for project rtos_task_management ****
make pre-build main-build 
a9-linaro-pre-build-step
' '
'Building file: ../src/rtos_task_management.c'
'Invoking: ARM v7 gcc compiler'
arm-none-eabi-gcc -Wall -O0 -g3 -c -fmessage-length=0 -MT"src/rtos_task_management.o" -mcpu=cortex-a9 -mfpu=vfpv3 -mfloat-abi=hard -I../../rtos_task_management_bsp/ps7_cortexa9_0/include -MMD -MP -MF"src/rtos_task_management.d" -MT"src/rtos_task_management.o" -o "src/rtos_task_management.o" "../src/rtos_task_management.c"
../src/rtos_task_management.c: In function 'main':
../src/rtos_task_management.c:107:2: warning: implicit declaration of function 'printf' [-Wimplicit-function-declaration]
  printf( "Starting TaskLED. . .\r\n" );
  ^~~~~~
../src/rtos_task_management.c:107:2: warning: incompatible implicit declaration of built-in function 'printf'
../src/rtos_task_management.c:107:2: note: include '<stdio.h>' or provide a declaration of 'printf'
../src/rtos_task_management.c:66:1:
+#include <stdio.h>
 //#define printf xil_printf
../src/rtos_task_management.c:107:2:
  printf( "Starting TaskLED. . .\r\n" );
  ^~~~~~
../src/rtos_task_management.c:114:6: warning: passing argument 6 of 'xTaskCreate' from incompatible pointer type [-Wincompatible-pointer-types]
      xTaskLED );
      ^~~~~~~~
In file included from ../src/rtos_task_management.c:58:
../../rtos_task_management_bsp/ps7_cortexa9_0/include/task.h:327:29: note: expected 'struct tskTaskControlBlock ** const' but argument is of type 'TaskHandle_t' {aka 'struct tskTaskControlBlock *'}
        TaskHandle_t * const pxCreatedTask ) PRIVILEGED_FUNCTION;
        ~~~~~~~~~~~~~~~~~~~~~^~~~~~~~~~~~~
../src/rtos_task_management.c:125:5: warning: passing argument 6 of 'xTaskCreate' from incompatible pointer type [-Wincompatible-pointer-types]
     xTaskBTN );
     ^~~~~~~~
In file included from ../src/rtos_task_management.c:58:
../../rtos_task_management_bsp/ps7_cortexa9_0/include/task.h:327:29: note: expected 'struct tskTaskControlBlock ** const' but argument is of type 'TaskHandle_t' {aka 'struct tskTaskControlBlock *'}
        TaskHandle_t * const pxCreatedTask ) PRIVILEGED_FUNCTION;
        ~~~~~~~~~~~~~~~~~~~~~^~~~~~~~~~~~~
'Finished building: ../src/rtos_task_management.c'
' '
'Building target: rtos_task_management.elf'
'Invoking: ARM v7 gcc linker'
arm-none-eabi-gcc -mcpu=cortex-a9 -mfpu=vfpv3 -mfloat-abi=hard -Wl,-build-id=none -specs=Xilinx.spec -Wl,-T -Wl,../src/lscript.ld -L../../rtos_task_management_bsp/ps7_cortexa9_0/lib -o "rtos_task_management.elf"  ./src/rtos_task_management.o   -Wl,--start-group,-lxil,-lfreertos,-lgcc,-lc,--end-group
'Finished building target: rtos_task_management.elf'
' '
'Invoking: ARM v7 Print Size'
arm-none-eabi-size rtos_task_management.elf  |tee "rtos_task_management.elf.size"
   text	   data	    bss	    dec	    hex	filename
  82516	   3404	  89456	 175376	  2ad10	rtos_task_management.elf
'Finished building: rtos_task_management.elf.size'
' '
00:15:18 **** Incremental Build of configuration Debug for project rtos_task_management ****
make pre-build main-build 
a9-linaro-pre-build-step
' '
make: Nothing to be done for 'main-build'.
00:21:52 **** Incremental Build of configuration Debug for project rtos_task_management ****
make pre-build main-build 
a9-linaro-pre-build-step
' '
'Building file: ../src/rtos_task_management.c'
'Invoking: ARM v7 gcc compiler'
arm-none-eabi-gcc -Wall -O0 -g3 -c -fmessage-length=0 -MT"src/rtos_task_management.o" -mcpu=cortex-a9 -mfpu=vfpv3 -mfloat-abi=hard -I../../rtos_task_management_bsp/ps7_cortexa9_0/include -MMD -MP -MF"src/rtos_task_management.d" -MT"src/rtos_task_management.o" -o "src/rtos_task_management.o" "../src/rtos_task_management.c"
../src/rtos_task_management.c: In function 'main':
../src/rtos_task_management.c:108:2: warning: implicit declaration of function 'printf' [-Wimplicit-function-declaration]
  printf( "Starting TaskLED. . .\r\n" );
  ^~~~~~
../src/rtos_task_management.c:108:2: warning: incompatible implicit declaration of built-in function 'printf'
../src/rtos_task_management.c:108:2: note: include '<stdio.h>' or provide a declaration of 'printf'
../src/rtos_task_management.c:66:1:
+#include <stdio.h>
 //#define printf xil_printf
../src/rtos_task_management.c:108:2:
  printf( "Starting TaskLED. . .\r\n" );
  ^~~~~~
../src/rtos_task_management.c:115:6: warning: passing argument 6 of 'xTaskCreate' from incompatible pointer type [-Wincompatible-pointer-types]
      xTaskLED );
      ^~~~~~~~
In file included from ../src/rtos_task_management.c:58:
../../rtos_task_management_bsp/ps7_cortexa9_0/include/task.h:327:29: note: expected 'struct tskTaskControlBlock ** const' but argument is of type 'TaskHandle_t' {aka 'struct tskTaskControlBlock *'}
        TaskHandle_t * const pxCreatedTask ) PRIVILEGED_FUNCTION;
        ~~~~~~~~~~~~~~~~~~~~~^~~~~~~~~~~~~
../src/rtos_task_management.c:126:5: warning: passing argument 6 of 'xTaskCreate' from incompatible pointer type [-Wincompatible-pointer-types]
     xTaskBTN );
     ^~~~~~~~
In file included from ../src/rtos_task_management.c:58:
../../rtos_task_management_bsp/ps7_cortexa9_0/include/task.h:327:29: note: expected 'struct tskTaskControlBlock ** const' but argument is of type 'TaskHandle_t' {aka 'struct tskTaskControlBlock *'}
        TaskHandle_t * const pxCreatedTask ) PRIVILEGED_FUNCTION;
        ~~~~~~~~~~~~~~~~~~~~~^~~~~~~~~~~~~
'Finished building: ../src/rtos_task_management.c'
' '
'Building target: rtos_task_management.elf'
'Invoking: ARM v7 gcc linker'
arm-none-eabi-gcc -mcpu=cortex-a9 -mfpu=vfpv3 -mfloat-abi=hard -Wl,-build-id=none -specs=Xilinx.spec -Wl,-T -Wl,../src/lscript.ld -L../../rtos_task_management_bsp/ps7_cortexa9_0/lib -o "rtos_task_management.elf"  ./src/rtos_task_management.o   -Wl,--start-group,-lxil,-lfreertos,-lgcc,-lc,--end-group
'Finished building target: rtos_task_management.elf'
' '
'Invoking: ARM v7 Print Size'
arm-none-eabi-size rtos_task_management.elf  |tee "rtos_task_management.elf.size"
   text	   data	    bss	    dec	    hex	filename
  82644	   3404	  89456	 175504	  2ad90	rtos_task_management.elf
'Finished building: rtos_task_management.elf.size'
' '
00:23:20 **** Auto Build of configuration Debug for project rtos_task_management ****
make pre-build main-build 
a9-linaro-pre-build-step
' '
'Building file: ../src/rtos_task_management.c'
'Invoking: ARM v7 gcc compiler'
arm-none-eabi-gcc -Wall -O0 -g3 -c -fmessage-length=0 -MT"src/rtos_task_management.o" -mcpu=cortex-a9 -mfpu=vfpv3 -mfloat-abi=hard -I../../rtos_task_management_bsp/ps7_cortexa9_0/include -MMD -MP -MF"src/rtos_task_management.d" -MT"src/rtos_task_management.o" -o "src/rtos_task_management.o" "../src/rtos_task_management.c"
../src/rtos_task_management.c: In function 'main':
../src/rtos_task_management.c:108:2: warning: implicit declaration of function 'printf' [-Wimplicit-function-declaration]
  printf( "Starting TaskLED. . .\r\n" );
  ^~~~~~
../src/rtos_task_management.c:108:2: warning: incompatible implicit declaration of built-in function 'printf'
../src/rtos_task_management.c:108:2: note: include '<stdio.h>' or provide a declaration of 'printf'
../src/rtos_task_management.c:66:1:
+#include <stdio.h>
 //#define printf xil_printf
../src/rtos_task_management.c:108:2:
  printf( "Starting TaskLED. . .\r\n" );
  ^~~~~~
../src/rtos_task_management.c:115:6: warning: passing argument 6 of 'xTaskCreate' from incompatible pointer type [-Wincompatible-pointer-types]
      xTaskLED );
      ^~~~~~~~
In file included from ../src/rtos_task_management.c:58:
../../rtos_task_management_bsp/ps7_cortexa9_0/include/task.h:327:29: note: expected 'struct tskTaskControlBlock ** const' but argument is of type 'TaskHandle_t' {aka 'struct tskTaskControlBlock *'}
        TaskHandle_t * const pxCreatedTask ) PRIVILEGED_FUNCTION;
        ~~~~~~~~~~~~~~~~~~~~~^~~~~~~~~~~~~
../src/rtos_task_management.c:126:5: warning: passing argument 6 of 'xTaskCreate' from incompatible pointer type [-Wincompatible-pointer-types]
     xTaskBTN );
     ^~~~~~~~
In file included from ../src/rtos_task_management.c:58:
../../rtos_task_management_bsp/ps7_cortexa9_0/include/task.h:327:29: note: expected 'struct tskTaskControlBlock ** const' but argument is of type 'TaskHandle_t' {aka 'struct tskTaskControlBlock *'}
        TaskHandle_t * const pxCreatedTask ) PRIVILEGED_FUNCTION;
        ~~~~~~~~~~~~~~~~~~~~~^~~~~~~~~~~~~
'Finished building: ../src/rtos_task_management.c'
' '
'Building target: rtos_task_management.elf'
'Invoking: ARM v7 gcc linker'
arm-none-eabi-gcc -mcpu=cortex-a9 -mfpu=vfpv3 -mfloat-abi=hard -Wl,-build-id=none -specs=Xilinx.spec -Wl,-T -Wl,../src/lscript.ld -L../../rtos_task_management_bsp/ps7_cortexa9_0/lib -o "rtos_task_management.elf"  ./src/rtos_task_management.o   -Wl,--start-group,-lxil,-lfreertos,-lgcc,-lc,--end-group
'Finished building target: rtos_task_management.elf'
' '
'Invoking: ARM v7 Print Size'
arm-none-eabi-size rtos_task_management.elf  |tee "rtos_task_management.elf.size"
   text	   data	    bss	    dec	    hex	filename
  82644	   3404	  89456	 175504	  2ad90	rtos_task_management.elf
'Finished building: rtos_task_management.elf.size'
' '
00:23:54 **** Incremental Build of configuration Debug for project rtos_task_management ****
make pre-build main-build 
a9-linaro-pre-build-step
' '
make: Nothing to be done for 'main-build'.
00:24:27 **** Auto Build of configuration Debug for project rtos_task_management ****
make pre-build main-build 
a9-linaro-pre-build-step
' '
'Building file: ../src/rtos_task_management.c'
'Invoking: ARM v7 gcc compiler'
arm-none-eabi-gcc -Wall -O0 -g3 -c -fmessage-length=0 -MT"src/rtos_task_management.o" -mcpu=cortex-a9 -mfpu=vfpv3 -mfloat-abi=hard -I../../rtos_task_management_bsp/ps7_cortexa9_0/include -MMD -MP -MF"src/rtos_task_management.d" -MT"src/rtos_task_management.o" -o "src/rtos_task_management.o" "../src/rtos_task_management.c"
../src/rtos_task_management.c: In function 'main':
../src/rtos_task_management.c:108:2: warning: implicit declaration of function 'printf' [-Wimplicit-function-declaration]
  printf( "Starting TaskLED. . .\r\n" );
  ^~~~~~
../src/rtos_task_management.c:108:2: warning: incompatible implicit declaration of built-in function 'printf'
../src/rtos_task_management.c:108:2: note: include '<stdio.h>' or provide a declaration of 'printf'
../src/rtos_task_management.c:66:1:
+#include <stdio.h>
 //#define printf xil_printf
../src/rtos_task_management.c:108:2:
  printf( "Starting TaskLED. . .\r\n" );
  ^~~~~~
../src/rtos_task_management.c:115:6: warning: passing argument 6 of 'xTaskCreate' from incompatible pointer type [-Wincompatible-pointer-types]
      xTaskLED );
      ^~~~~~~~
In file included from ../src/rtos_task_management.c:58:
../../rtos_task_management_bsp/ps7_cortexa9_0/include/task.h:327:29: note: expected 'struct tskTaskControlBlock ** const' but argument is of type 'TaskHandle_t' {aka 'struct tskTaskControlBlock *'}
        TaskHandle_t * const pxCreatedTask ) PRIVILEGED_FUNCTION;
        ~~~~~~~~~~~~~~~~~~~~~^~~~~~~~~~~~~
../src/rtos_task_management.c:126:5: warning: passing argument 6 of 'xTaskCreate' from incompatible pointer type [-Wincompatible-pointer-types]
     xTaskBTN );
     ^~~~~~~~
In file included from ../src/rtos_task_management.c:58:
../../rtos_task_management_bsp/ps7_cortexa9_0/include/task.h:327:29: note: expected 'struct tskTaskControlBlock ** const' but argument is of type 'TaskHandle_t' {aka 'struct tskTaskControlBlock *'}
        TaskHandle_t * const pxCreatedTask ) PRIVILEGED_FUNCTION;
        ~~~~~~~~~~~~~~~~~~~~~^~~~~~~~~~~~~
'Finished building: ../src/rtos_task_management.c'
' '
'Building target: rtos_task_management.elf'
'Invoking: ARM v7 gcc linker'
arm-none-eabi-gcc -mcpu=cortex-a9 -mfpu=vfpv3 -mfloat-abi=hard -Wl,-build-id=none -specs=Xilinx.spec -Wl,-T -Wl,../src/lscript.ld -L../../rtos_task_management_bsp/ps7_cortexa9_0/lib -o "rtos_task_management.elf"  ./src/rtos_task_management.o   -Wl,--start-group,-lxil,-lfreertos,-lgcc,-lc,--end-group
'Finished building target: rtos_task_management.elf'
' '
'Invoking: ARM v7 Print Size'
arm-none-eabi-size rtos_task_management.elf  |tee "rtos_task_management.elf.size"
   text	   data	    bss	    dec	    hex	filename
  82644	   3404	  89456	 175504	  2ad90	rtos_task_management.elf
'Finished building: rtos_task_management.elf.size'
' '
00:24:45 **** Incremental Build of configuration Debug for project rtos_task_management ****
make pre-build main-build 
a9-linaro-pre-build-step
' '
make: Nothing to be done for 'main-build'.
00:25:40 **** Incremental Build of configuration Debug for project rtos_task_management ****
make pre-build main-build 
a9-linaro-pre-build-step
' '
'Building file: ../src/rtos_task_management.c'
'Invoking: ARM v7 gcc compiler'
arm-none-eabi-gcc -Wall -O0 -g3 -c -fmessage-length=0 -MT"src/rtos_task_management.o" -mcpu=cortex-a9 -mfpu=vfpv3 -mfloat-abi=hard -I../../rtos_task_management_bsp/ps7_cortexa9_0/include -MMD -MP -MF"src/rtos_task_management.d" -MT"src/rtos_task_management.o" -o "src/rtos_task_management.o" "../src/rtos_task_management.c"
../src/rtos_task_management.c: In function 'main':
../src/rtos_task_management.c:108:2: warning: implicit declaration of function 'printf' [-Wimplicit-function-declaration]
  printf( "Starting TaskLED. . .\r\n" );
  ^~~~~~
../src/rtos_task_management.c:108:2: warning: incompatible implicit declaration of built-in function 'printf'
../src/rtos_task_management.c:108:2: note: include '<stdio.h>' or provide a declaration of 'printf'
../src/rtos_task_management.c:66:1:
+#include <stdio.h>
 //#define printf xil_printf
../src/rtos_task_management.c:108:2:
  printf( "Starting TaskLED. . .\r\n" );
  ^~~~~~
../src/rtos_task_management.c:115:6: warning: passing argument 6 of 'xTaskCreate' from incompatible pointer type [-Wincompatible-pointer-types]
      xTaskLED );
      ^~~~~~~~
In file included from ../src/rtos_task_management.c:58:
../../rtos_task_management_bsp/ps7_cortexa9_0/include/task.h:327:29: note: expected 'struct tskTaskControlBlock ** const' but argument is of type 'TaskHandle_t' {aka 'struct tskTaskControlBlock *'}
        TaskHandle_t * const pxCreatedTask ) PRIVILEGED_FUNCTION;
        ~~~~~~~~~~~~~~~~~~~~~^~~~~~~~~~~~~
../src/rtos_task_management.c:126:5: warning: passing argument 6 of 'xTaskCreate' from incompatible pointer type [-Wincompatible-pointer-types]
     xTaskBTN );
     ^~~~~~~~
In file included from ../src/rtos_task_management.c:58:
../../rtos_task_management_bsp/ps7_cortexa9_0/include/task.h:327:29: note: expected 'struct tskTaskControlBlock ** const' but argument is of type 'TaskHandle_t' {aka 'struct tskTaskControlBlock *'}
        TaskHandle_t * const pxCreatedTask ) PRIVILEGED_FUNCTION;
        ~~~~~~~~~~~~~~~~~~~~~^~~~~~~~~~~~~
'Finished building: ../src/rtos_task_management.c'
' '
'Building target: rtos_task_management.elf'
'Invoking: ARM v7 gcc linker'
arm-none-eabi-gcc -mcpu=cortex-a9 -mfpu=vfpv3 -mfloat-abi=hard -Wl,-build-id=none -specs=Xilinx.spec -Wl,-T -Wl,../src/lscript.ld -L../../rtos_task_management_bsp/ps7_cortexa9_0/lib -o "rtos_task_management.elf"  ./src/rtos_task_management.o   -Wl,--start-group,-lxil,-lfreertos,-lgcc,-lc,--end-group
'Finished building target: rtos_task_management.elf'
' '
'Invoking: ARM v7 Print Size'
arm-none-eabi-size rtos_task_management.elf  |tee "rtos_task_management.elf.size"
   text	   data	    bss	    dec	    hex	filename
  82644	   3404	  89456	 175504	  2ad90	rtos_task_management.elf
'Finished building: rtos_task_management.elf.size'
' '
00:26:32 **** Auto Build of configuration Debug for project rtos_task_management ****
make pre-build main-build 
a9-linaro-pre-build-step
' '
'Building file: ../src/rtos_task_management.c'
'Invoking: ARM v7 gcc compiler'
arm-none-eabi-gcc -Wall -O0 -g3 -c -fmessage-length=0 -MT"src/rtos_task_management.o" -mcpu=cortex-a9 -mfpu=vfpv3 -mfloat-abi=hard -I../../rtos_task_management_bsp/ps7_cortexa9_0/include -MMD -MP -MF"src/rtos_task_management.d" -MT"src/rtos_task_management.o" -o "src/rtos_task_management.o" "../src/rtos_task_management.c"
../src/rtos_task_management.c: In function 'main':
../src/rtos_task_management.c:108:2: warning: implicit declaration of function 'printf' [-Wimplicit-function-declaration]
  printf( "Starting TaskLED. . .\r\n" );
  ^~~~~~
../src/rtos_task_management.c:108:2: warning: incompatible implicit declaration of built-in function 'printf'
../src/rtos_task_management.c:108:2: note: include '<stdio.h>' or provide a declaration of 'printf'
../src/rtos_task_management.c:66:1:
+#include <stdio.h>
 //#define printf xil_printf
../src/rtos_task_management.c:108:2:
  printf( "Starting TaskLED. . .\r\n" );
  ^~~~~~
../src/rtos_task_management.c:115:6: warning: passing argument 6 of 'xTaskCreate' from incompatible pointer type [-Wincompatible-pointer-types]
      xTaskLED );
      ^~~~~~~~
In file included from ../src/rtos_task_management.c:58:
../../rtos_task_management_bsp/ps7_cortexa9_0/include/task.h:327:29: note: expected 'struct tskTaskControlBlock ** const' but argument is of type 'TaskHandle_t' {aka 'struct tskTaskControlBlock *'}
        TaskHandle_t * const pxCreatedTask ) PRIVILEGED_FUNCTION;
        ~~~~~~~~~~~~~~~~~~~~~^~~~~~~~~~~~~
../src/rtos_task_management.c:126:5: warning: passing argument 6 of 'xTaskCreate' from incompatible pointer type [-Wincompatible-pointer-types]
     xTaskBTN );
     ^~~~~~~~
In file included from ../src/rtos_task_management.c:58:
../../rtos_task_management_bsp/ps7_cortexa9_0/include/task.h:327:29: note: expected 'struct tskTaskControlBlock ** const' but argument is of type 'TaskHandle_t' {aka 'struct tskTaskControlBlock *'}
        TaskHandle_t * const pxCreatedTask ) PRIVILEGED_FUNCTION;
        ~~~~~~~~~~~~~~~~~~~~~^~~~~~~~~~~~~
'Finished building: ../src/rtos_task_management.c'
' '
'Building target: rtos_task_management.elf'
'Invoking: ARM v7 gcc linker'
arm-none-eabi-gcc -mcpu=cortex-a9 -mfpu=vfpv3 -mfloat-abi=hard -Wl,-build-id=none -specs=Xilinx.spec -Wl,-T -Wl,../src/lscript.ld -L../../rtos_task_management_bsp/ps7_cortexa9_0/lib -o "rtos_task_management.elf"  ./src/rtos_task_management.o   -Wl,--start-group,-lxil,-lfreertos,-lgcc,-lc,--end-group
'Finished building target: rtos_task_management.elf'
' '
'Invoking: ARM v7 Print Size'
arm-none-eabi-size rtos_task_management.elf  |tee "rtos_task_management.elf.size"
   text	   data	    bss	    dec	    hex	filename
  82644	   3404	  89456	 175504	  2ad90	rtos_task_management.elf
'Finished building: rtos_task_management.elf.size'
' '
00:26:49 **** Incremental Build of configuration Debug for project rtos_task_management ****
make pre-build main-build 
a9-linaro-pre-build-step
' '
make: Nothing to be done for 'main-build'.
00:28:04 **** Auto Build of configuration Debug for project rtos_task_management ****
make pre-build main-build 
a9-linaro-pre-build-step
' '
'Building file: ../src/rtos_task_management.c'
'Invoking: ARM v7 gcc compiler'
arm-none-eabi-gcc -Wall -O0 -g3 -c -fmessage-length=0 -MT"src/rtos_task_management.o" -mcpu=cortex-a9 -mfpu=vfpv3 -mfloat-abi=hard -I../../rtos_task_management_bsp/ps7_cortexa9_0/include -MMD -MP -MF"src/rtos_task_management.d" -MT"src/rtos_task_management.o" -o "src/rtos_task_management.o" "../src/rtos_task_management.c"
../src/rtos_task_management.c: In function 'main':
../src/rtos_task_management.c:108:2: warning: implicit declaration of function 'printf' [-Wimplicit-function-declaration]
  printf( "Starting TaskLED. . .\r\n" );
  ^~~~~~
../src/rtos_task_management.c:108:2: warning: incompatible implicit declaration of built-in function 'printf'
../src/rtos_task_management.c:108:2: note: include '<stdio.h>' or provide a declaration of 'printf'
../src/rtos_task_management.c:66:1:
+#include <stdio.h>
 //#define printf xil_printf
../src/rtos_task_management.c:108:2:
  printf( "Starting TaskLED. . .\r\n" );
  ^~~~~~
../src/rtos_task_management.c:115:6: warning: passing argument 6 of 'xTaskCreate' from incompatible pointer type [-Wincompatible-pointer-types]
      xTaskLED );
      ^~~~~~~~
In file included from ../src/rtos_task_management.c:58:
../../rtos_task_management_bsp/ps7_cortexa9_0/include/task.h:327:29: note: expected 'struct tskTaskControlBlock ** const' but argument is of type 'TaskHandle_t' {aka 'struct tskTaskControlBlock *'}
        TaskHandle_t * const pxCreatedTask ) PRIVILEGED_FUNCTION;
        ~~~~~~~~~~~~~~~~~~~~~^~~~~~~~~~~~~
../src/rtos_task_management.c:126:5: warning: passing argument 6 of 'xTaskCreate' from incompatible pointer type [-Wincompatible-pointer-types]
     xTaskBTN );
     ^~~~~~~~
In file included from ../src/rtos_task_management.c:58:
../../rtos_task_management_bsp/ps7_cortexa9_0/include/task.h:327:29: note: expected 'struct tskTaskControlBlock ** const' but argument is of type 'TaskHandle_t' {aka 'struct tskTaskControlBlock *'}
        TaskHandle_t * const pxCreatedTask ) PRIVILEGED_FUNCTION;
        ~~~~~~~~~~~~~~~~~~~~~^~~~~~~~~~~~~
'Finished building: ../src/rtos_task_management.c'
' '
'Building target: rtos_task_management.elf'
'Invoking: ARM v7 gcc linker'
arm-none-eabi-gcc -mcpu=cortex-a9 -mfpu=vfpv3 -mfloat-abi=hard -Wl,-build-id=none -specs=Xilinx.spec -Wl,-T -Wl,../src/lscript.ld -L../../rtos_task_management_bsp/ps7_cortexa9_0/lib -o "rtos_task_management.elf"  ./src/rtos_task_management.o   -Wl,--start-group,-lxil,-lfreertos,-lgcc,-lc,--end-group
'Finished building target: rtos_task_management.elf'
' '
'Invoking: ARM v7 Print Size'
arm-none-eabi-size rtos_task_management.elf  |tee "rtos_task_management.elf.size"
   text	   data	    bss	    dec	    hex	filename
  82644	   3404	  89456	 175504	  2ad90	rtos_task_management.elf
'Finished building: rtos_task_management.elf.size'
' '
00:28:22 **** Incremental Build of configuration Debug for project rtos_task_management ****
make pre-build main-build 
a9-linaro-pre-build-step
' '
make: Nothing to be done for 'main-build'.
00:32:39 **** Auto Build of configuration Debug for project rtos_task_management ****
make pre-build main-build 
a9-linaro-pre-build-step
' '
'Building file: ../src/rtos_task_management.c'
'Invoking: ARM v7 gcc compiler'
arm-none-eabi-gcc -Wall -O0 -g3 -c -fmessage-length=0 -MT"src/rtos_task_management.o" -mcpu=cortex-a9 -mfpu=vfpv3 -mfloat-abi=hard -I../../rtos_task_management_bsp/ps7_cortexa9_0/include -MMD -MP -MF"src/rtos_task_management.d" -MT"src/rtos_task_management.o" -o "src/rtos_task_management.o" "../src/rtos_task_management.c"
../src/rtos_task_management.c: In function 'main':
../src/rtos_task_management.c:108:2: warning: implicit declaration of function 'printf' [-Wimplicit-function-declaration]
  printf( "Starting TaskLED. . .\r\n" );
  ^~~~~~
../src/rtos_task_management.c:108:2: warning: incompatible implicit declaration of built-in function 'printf'
../src/rtos_task_management.c:108:2: note: include '<stdio.h>' or provide a declaration of 'printf'
../src/rtos_task_management.c:66:1:
+#include <stdio.h>
 //#define printf xil_printf
../src/rtos_task_management.c:108:2:
  printf( "Starting TaskLED. . .\r\n" );
  ^~~~~~
'Finished building: ../src/rtos_task_management.c'
' '
'Building target: rtos_task_management.elf'
'Invoking: ARM v7 gcc linker'
arm-none-eabi-gcc -mcpu=cortex-a9 -mfpu=vfpv3 -mfloat-abi=hard -Wl,-build-id=none -specs=Xilinx.spec -Wl,-T -Wl,../src/lscript.ld -L../../rtos_task_management_bsp/ps7_cortexa9_0/lib -o "rtos_task_management.elf"  ./src/rtos_task_management.o   -Wl,--start-group,-lxil,-lfreertos,-lgcc,-lc,--end-group
'Finished building target: rtos_task_management.elf'
' '
'Invoking: ARM v7 Print Size'
arm-none-eabi-size rtos_task_management.elf  |tee "rtos_task_management.elf.size"
   text	   data	    bss	    dec	    hex	filename
  82644	   3404	  89456	 175504	  2ad90	rtos_task_management.elf
'Finished building: rtos_task_management.elf.size'
' '
00:34:06 **** Incremental Build of configuration Debug for project rtos_task_management ****
make pre-build main-build 
a9-linaro-pre-build-step
' '
make: Nothing to be done for 'main-build'.
00:34:49 **** Incremental Build of configuration Debug for project rtos_task_management ****
make pre-build main-build 
a9-linaro-pre-build-step
' '
make: Nothing to be done for 'main-build'.
00:35:05 **** Auto Build of configuration Debug for project rtos_task_management ****
make pre-build main-build 
a9-linaro-pre-build-step
' '
'Building file: ../src/rtos_task_management.c'
'Invoking: ARM v7 gcc compiler'
arm-none-eabi-gcc -Wall -O0 -g3 -c -fmessage-length=0 -MT"src/rtos_task_management.o" -mcpu=cortex-a9 -mfpu=vfpv3 -mfloat-abi=hard -I../../rtos_task_management_bsp/ps7_cortexa9_0/include -MMD -MP -MF"src/rtos_task_management.d" -MT"src/rtos_task_management.o" -o "src/rtos_task_management.o" "../src/rtos_task_management.c"
../src/rtos_task_management.c: In function 'main':
../src/rtos_task_management.c:108:2: warning: implicit declaration of function 'printf' [-Wimplicit-function-declaration]
  printf( "Starting TaskLED. . .\r\n" );
  ^~~~~~
../src/rtos_task_management.c:108:2: warning: incompatible implicit declaration of built-in function 'printf'
../src/rtos_task_management.c:108:2: note: include '<stdio.h>' or provide a declaration of 'printf'
../src/rtos_task_management.c:66:1:
+#include <stdio.h>
 //#define printf xil_printf
../src/rtos_task_management.c:108:2:
  printf( "Starting TaskLED. . .\r\n" );
  ^~~~~~
'Finished building: ../src/rtos_task_management.c'
' '
'Building target: rtos_task_management.elf'
'Invoking: ARM v7 gcc linker'
arm-none-eabi-gcc -mcpu=cortex-a9 -mfpu=vfpv3 -mfloat-abi=hard -Wl,-build-id=none -specs=Xilinx.spec -Wl,-T -Wl,../src/lscript.ld -L../../rtos_task_management_bsp/ps7_cortexa9_0/lib -o "rtos_task_management.elf"  ./src/rtos_task_management.o   -Wl,--start-group,-lxil,-lfreertos,-lgcc,-lc,--end-group
'Finished building target: rtos_task_management.elf'
' '
'Invoking: ARM v7 Print Size'
arm-none-eabi-size rtos_task_management.elf  |tee "rtos_task_management.elf.size"
   text	   data	    bss	    dec	    hex	filename
  82644	   3404	  89456	 175504	  2ad90	rtos_task_management.elf
'Finished building: rtos_task_management.elf.size'
' '
00:35:18 **** Incremental Build of configuration Debug for project rtos_task_management ****
make pre-build main-build 
a9-linaro-pre-build-step
' '
make: Nothing to be done for 'main-build'.
00:36:00 **** Auto Build of configuration Debug for project rtos_task_management ****
make pre-build main-build 
a9-linaro-pre-build-step
' '
'Building file: ../src/rtos_task_management.c'
'Invoking: ARM v7 gcc compiler'
arm-none-eabi-gcc -Wall -O0 -g3 -c -fmessage-length=0 -MT"src/rtos_task_management.o" -mcpu=cortex-a9 -mfpu=vfpv3 -mfloat-abi=hard -I../../rtos_task_management_bsp/ps7_cortexa9_0/include -MMD -MP -MF"src/rtos_task_management.d" -MT"src/rtos_task_management.o" -o "src/rtos_task_management.o" "../src/rtos_task_management.c"
../src/rtos_task_management.c: In function 'main':
../src/rtos_task_management.c:108:2: warning: implicit declaration of function 'printf' [-Wimplicit-function-declaration]
  printf( "Starting TaskLED. . .\r\n" );
  ^~~~~~
../src/rtos_task_management.c:108:2: warning: incompatible implicit declaration of built-in function 'printf'
../src/rtos_task_management.c:108:2: note: include '<stdio.h>' or provide a declaration of 'printf'
../src/rtos_task_management.c:66:1:
+#include <stdio.h>
 //#define printf xil_printf
../src/rtos_task_management.c:108:2:
  printf( "Starting TaskLED. . .\r\n" );
  ^~~~~~
'Finished building: ../src/rtos_task_management.c'
' '
'Building target: rtos_task_management.elf'
'Invoking: ARM v7 gcc linker'
arm-none-eabi-gcc -mcpu=cortex-a9 -mfpu=vfpv3 -mfloat-abi=hard -Wl,-build-id=none -specs=Xilinx.spec -Wl,-T -Wl,../src/lscript.ld -L../../rtos_task_management_bsp/ps7_cortexa9_0/lib -o "rtos_task_management.elf"  ./src/rtos_task_management.o   -Wl,--start-group,-lxil,-lfreertos,-lgcc,-lc,--end-group
'Finished building target: rtos_task_management.elf'
' '
'Invoking: ARM v7 Print Size'
arm-none-eabi-size rtos_task_management.elf  |tee "rtos_task_management.elf.size"
   text	   data	    bss	    dec	    hex	filename
  82644	   3404	  89456	 175504	  2ad90	rtos_task_management.elf
'Finished building: rtos_task_management.elf.size'
' '
00:36:14 **** Incremental Build of configuration Debug for project rtos_task_management ****
make pre-build main-build 
a9-linaro-pre-build-step
' '
make: Nothing to be done for 'main-build'.
00:36:54 **** Incremental Build of configuration Debug for project rtos_task_management ****
make pre-build main-build 
a9-linaro-pre-build-step
' '
make: Nothing to be done for 'main-build'.
00:38:39 **** Auto Build of configuration Debug for project rtos_task_management ****
make pre-build main-build 
a9-linaro-pre-build-step
' '
'Building file: ../src/rtos_task_management.c'
'Invoking: ARM v7 gcc compiler'
arm-none-eabi-gcc -Wall -O0 -g3 -c -fmessage-length=0 -MT"src/rtos_task_management.o" -mcpu=cortex-a9 -mfpu=vfpv3 -mfloat-abi=hard -I../../rtos_task_management_bsp/ps7_cortexa9_0/include -MMD -MP -MF"src/rtos_task_management.d" -MT"src/rtos_task_management.o" -o "src/rtos_task_management.o" "../src/rtos_task_management.c"
../src/rtos_task_management.c: In function 'main':
../src/rtos_task_management.c:111:2: warning: implicit declaration of function 'printf' [-Wimplicit-function-declaration]
  printf( "Starting TaskLED. . .\r\n" );
  ^~~~~~
../src/rtos_task_management.c:111:2: warning: incompatible implicit declaration of built-in function 'printf'
../src/rtos_task_management.c:111:2: note: include '<stdio.h>' or provide a declaration of 'printf'
../src/rtos_task_management.c:69:1:
+#include <stdio.h>
 //#define printf xil_printf
../src/rtos_task_management.c:111:2:
  printf( "Starting TaskLED. . .\r\n" );
  ^~~~~~
'Finished building: ../src/rtos_task_management.c'
' '
'Building target: rtos_task_management.elf'
'Invoking: ARM v7 gcc linker'
arm-none-eabi-gcc -mcpu=cortex-a9 -mfpu=vfpv3 -mfloat-abi=hard -Wl,-build-id=none -specs=Xilinx.spec -Wl,-T -Wl,../src/lscript.ld -L../../rtos_task_management_bsp/ps7_cortexa9_0/lib -o "rtos_task_management.elf"  ./src/rtos_task_management.o   -Wl,--start-group,-lxil,-lfreertos,-lgcc,-lc,--end-group
'Finished building target: rtos_task_management.elf'
' '
'Invoking: ARM v7 Print Size'
arm-none-eabi-size rtos_task_management.elf  |tee "rtos_task_management.elf.size"
   text	   data	    bss	    dec	    hex	filename
  82644	   3404	  89456	 175504	  2ad90	rtos_task_management.elf
'Finished building: rtos_task_management.elf.size'
' '
00:38:53 **** Incremental Build of configuration Debug for project rtos_task_management ****
make pre-build main-build 
a9-linaro-pre-build-step
' '
make: Nothing to be done for 'main-build'.
00:39:27 **** Incremental Build of configuration Debug for project rtos_task_management ****
make pre-build main-build 
a9-linaro-pre-build-step
' '
make: Nothing to be done for 'main-build'.
01:00:15 **** Auto Build of configuration Debug for project rtos_task_management ****
make pre-build main-build 
a9-linaro-pre-build-step
' '
'Building file: ../src/rtos_task_management.c'
'Invoking: ARM v7 gcc compiler'
arm-none-eabi-gcc -Wall -O0 -g3 -c -fmessage-length=0 -MT"src/rtos_task_management.o" -mcpu=cortex-a9 -mfpu=vfpv3 -mfloat-abi=hard -I../../rtos_task_management_bsp/ps7_cortexa9_0/include -MMD -MP -MF"src/rtos_task_management.d" -MT"src/rtos_task_management.o" -o "src/rtos_task_management.o" "../src/rtos_task_management.c"
../src/rtos_task_management.c: In function 'main':
../src/rtos_task_management.c:118:2: warning: implicit declaration of function 'printf' [-Wimplicit-function-declaration]
  printf( "Starting TaskLED. . .\r\n" );
  ^~~~~~
../src/rtos_task_management.c:118:2: warning: incompatible implicit declaration of built-in function 'printf'
../src/rtos_task_management.c:118:2: note: include '<stdio.h>' or provide a declaration of 'printf'
../src/rtos_task_management.c:75:1:
+#include <stdio.h>
 //#define printf xil_printf
../src/rtos_task_management.c:118:2:
  printf( "Starting TaskLED. . .\r\n" );
  ^~~~~~
../src/rtos_task_management.c: In function 'prvTaskSW':
../src/rtos_task_management.c:256:17: error: 'TaskBTN' undeclared (first use in this function); did you mean 'xTaskBTN'?
    vTaskSuspend(TaskBTN);
                 ^~~~~~~
                 xTaskBTN
../src/rtos_task_management.c:256:17: note: each undeclared identifier is reported only once for each function it appears in
../src/rtos_task_management.c:268:17: error: 'TaskLED' undeclared (first use in this function); did you mean 'xTaskLED'?
    vTaskSuspend(TaskLED);
                 ^~~~~~~
                 xTaskLED
make: *** [src/subdir.mk:23: src/rtos_task_management.o] Error 1
01:00:32 **** Incremental Build of configuration Debug for project rtos_task_management ****
make pre-build main-build 
a9-linaro-pre-build-step
' '
'Building file: ../src/rtos_task_management.c'
'Invoking: ARM v7 gcc compiler'
arm-none-eabi-gcc -Wall -O0 -g3 -c -fmessage-length=0 -MT"src/rtos_task_management.o" -mcpu=cortex-a9 -mfpu=vfpv3 -mfloat-abi=hard -I../../rtos_task_management_bsp/ps7_cortexa9_0/include -MMD -MP -MF"src/rtos_task_management.d" -MT"src/rtos_task_management.o" -o "src/rtos_task_management.o" "../src/rtos_task_management.c"
../src/rtos_task_management.c: In function 'main':
../src/rtos_task_management.c:118:2: warning: implicit declaration of function 'printf' [-Wimplicit-function-declaration]
  printf( "Starting TaskLED. . .\r\n" );
  ^~~~~~
../src/rtos_task_management.c:118:2: warning: incompatible implicit declaration of built-in function 'printf'
../src/rtos_task_management.c:118:2: note: include '<stdio.h>' or provide a declaration of 'printf'
../src/rtos_task_management.c:75:1:
+#include <stdio.h>
 //#define printf xil_printf
../src/rtos_task_management.c:118:2:
  printf( "Starting TaskLED. . .\r\n" );
  ^~~~~~
../src/rtos_task_management.c: In function 'prvTaskSW':
../src/rtos_task_management.c:256:17: error: 'TaskBTN' undeclared (first use in this function); did you mean 'xTaskBTN'?
    vTaskSuspend(TaskBTN);
                 ^~~~~~~
                 xTaskBTN
../src/rtos_task_management.c:256:17: note: each undeclared identifier is reported only once for each function it appears in
../src/rtos_task_management.c:268:17: error: 'TaskLED' undeclared (first use in this function); did you mean 'xTaskLED'?
    vTaskSuspend(TaskLED);
                 ^~~~~~~
                 xTaskLED
make: *** [src/subdir.mk:23: src/rtos_task_management.o] Error 1
01:01:11 **** Incremental Build of configuration Debug for project rtos_task_management ****
make pre-build main-build 
a9-linaro-pre-build-step
' '
'Building file: ../src/rtos_task_management.c'
'Invoking: ARM v7 gcc compiler'
arm-none-eabi-gcc -Wall -O0 -g3 -c -fmessage-length=0 -MT"src/rtos_task_management.o" -mcpu=cortex-a9 -mfpu=vfpv3 -mfloat-abi=hard -I../../rtos_task_management_bsp/ps7_cortexa9_0/include -MMD -MP -MF"src/rtos_task_management.d" -MT"src/rtos_task_management.o" -o "src/rtos_task_management.o" "../src/rtos_task_management.c"
../src/rtos_task_management.c: In function 'main':
../src/rtos_task_management.c:118:2: warning: implicit declaration of function 'printf' [-Wimplicit-function-declaration]
  printf( "Starting TaskLED. . .\r\n" );
  ^~~~~~
../src/rtos_task_management.c:118:2: warning: incompatible implicit declaration of built-in function 'printf'
../src/rtos_task_management.c:118:2: note: include '<stdio.h>' or provide a declaration of 'printf'
../src/rtos_task_management.c:75:1:
+#include <stdio.h>
 //#define printf xil_printf
../src/rtos_task_management.c:118:2:
  printf( "Starting TaskLED. . .\r\n" );
  ^~~~~~
../src/rtos_task_management.c: In function 'prvTaskSW':
../src/rtos_task_management.c:256:17: error: 'TaskBTN' undeclared (first use in this function); did you mean 'xTaskBTN'?
    vTaskSuspend(TaskBTN);
                 ^~~~~~~
                 xTaskBTN
../src/rtos_task_management.c:256:17: note: each undeclared identifier is reported only once for each function it appears in
../src/rtos_task_management.c:268:17: error: 'TaskLED' undeclared (first use in this function); did you mean 'xTaskLED'?
    vTaskSuspend(TaskLED);
                 ^~~~~~~
                 xTaskLED
make: *** [src/subdir.mk:23: src/rtos_task_management.o] Error 1
14:24:40 **** Auto Build of configuration Debug for project rtos_task_management ****
make pre-build main-build 
a9-linaro-pre-build-step
' '
'Building file: ../src/rtos_task_management.c'
'Invoking: ARM v7 gcc compiler'
arm-none-eabi-gcc -Wall -O0 -g3 -c -fmessage-length=0 -MT"src/rtos_task_management.o" -mcpu=cortex-a9 -mfpu=vfpv3 -mfloat-abi=hard -I../../rtos_task_management_bsp/ps7_cortexa9_0/include -MMD -MP -MF"src/rtos_task_management.d" -MT"src/rtos_task_management.o" -o "src/rtos_task_management.o" "../src/rtos_task_management.c"
../src/rtos_task_management.c: In function 'main':
../src/rtos_task_management.c:118:2: warning: implicit declaration of function 'printf' [-Wimplicit-function-declaration]
  printf( "Starting TaskLED. . .\r\n" );
  ^~~~~~
../src/rtos_task_management.c:118:2: warning: incompatible implicit declaration of built-in function 'printf'
../src/rtos_task_management.c:118:2: note: include '<stdio.h>' or provide a declaration of 'printf'
../src/rtos_task_management.c:75:1:
+#include <stdio.h>
 //#define printf xil_printf
../src/rtos_task_management.c:118:2:
  printf( "Starting TaskLED. . .\r\n" );
  ^~~~~~
../src/rtos_task_management.c: In function 'prvTaskSW':
../src/rtos_task_management.c:256:17: error: 'TaskBTN' undeclared (first use in this function); did you mean 'xTaskBTN'?
    vTaskSuspend(TaskBTN);
                 ^~~~~~~
                 xTaskBTN
../src/rtos_task_management.c:256:17: note: each undeclared identifier is reported only once for each function it appears in
../src/rtos_task_management.c:268:17: error: 'TaskLED' undeclared (first use in this function); did you mean 'xTaskLED'?
    vTaskSuspend(TaskLED);
                 ^~~~~~~
                 xTaskLED
make: *** [src/subdir.mk:23: src/rtos_task_management.o] Error 1
14:24:53 **** Auto Build of configuration Debug for project rtos_task_management ****
make pre-build main-build 
a9-linaro-pre-build-step
' '
'Building file: ../src/rtos_task_management.c'
'Invoking: ARM v7 gcc compiler'
arm-none-eabi-gcc -Wall -O0 -g3 -c -fmessage-length=0 -MT"src/rtos_task_management.o" -mcpu=cortex-a9 -mfpu=vfpv3 -mfloat-abi=hard -I../../rtos_task_management_bsp/ps7_cortexa9_0/include -MMD -MP -MF"src/rtos_task_management.d" -MT"src/rtos_task_management.o" -o "src/rtos_task_management.o" "../src/rtos_task_management.c"
../src/rtos_task_management.c: In function 'main':
../src/rtos_task_management.c:118:2: warning: implicit declaration of function 'printf' [-Wimplicit-function-declaration]
  printf( "Starting TaskLED. . .\r\n" );
  ^~~~~~
../src/rtos_task_management.c:118:2: warning: incompatible implicit declaration of built-in function 'printf'
../src/rtos_task_management.c:118:2: note: include '<stdio.h>' or provide a declaration of 'printf'
../src/rtos_task_management.c:75:1:
+#include <stdio.h>
 //#define printf xil_printf
../src/rtos_task_management.c:118:2:
  printf( "Starting TaskLED. . .\r\n" );
  ^~~~~~
../src/rtos_task_management.c: In function 'prvTaskSW':
../src/rtos_task_management.c:256:17: error: 'TaskBTN' undeclared (first use in this function); did you mean 'xTaskBTN'?
    vTaskSuspend(TaskBTN);
                 ^~~~~~~
                 xTaskBTN
../src/rtos_task_management.c:256:17: note: each undeclared identifier is reported only once for each function it appears in
../src/rtos_task_management.c:268:17: error: 'TaskLED' undeclared (first use in this function); did you mean 'xTaskLED'?
    vTaskSuspend(TaskLED);
                 ^~~~~~~
                 xTaskLED
make: *** [src/subdir.mk:23: src/rtos_task_management.o] Error 1
14:25:04 **** Auto Build of configuration Debug for project rtos_task_management ****
make pre-build main-build 
a9-linaro-pre-build-step
' '
'Building file: ../src/rtos_task_management.c'
'Invoking: ARM v7 gcc compiler'
arm-none-eabi-gcc -Wall -O0 -g3 -c -fmessage-length=0 -MT"src/rtos_task_management.o" -mcpu=cortex-a9 -mfpu=vfpv3 -mfloat-abi=hard -I../../rtos_task_management_bsp/ps7_cortexa9_0/include -MMD -MP -MF"src/rtos_task_management.d" -MT"src/rtos_task_management.o" -o "src/rtos_task_management.o" "../src/rtos_task_management.c"
../src/rtos_task_management.c: In function 'main':
../src/rtos_task_management.c:118:2: warning: implicit declaration of function 'printf' [-Wimplicit-function-declaration]
  printf( "Starting TaskLED. . .\r\n" );
  ^~~~~~
../src/rtos_task_management.c:118:2: warning: incompatible implicit declaration of built-in function 'printf'
../src/rtos_task_management.c:118:2: note: include '<stdio.h>' or provide a declaration of 'printf'
../src/rtos_task_management.c:75:1:
+#include <stdio.h>
 //#define printf xil_printf
../src/rtos_task_management.c:118:2:
  printf( "Starting TaskLED. . .\r\n" );
  ^~~~~~
../src/rtos_task_management.c: In function 'prvTaskSW':
../src/rtos_task_management.c:256:17: error: 'TaskBTN' undeclared (first use in this function); did you mean 'xTaskBTN'?
    vTaskSuspend(TaskBTN);
                 ^~~~~~~
                 xTaskBTN
../src/rtos_task_management.c:256:17: note: each undeclared identifier is reported only once for each function it appears in
../src/rtos_task_management.c:268:17: error: 'TaskLED' undeclared (first use in this function); did you mean 'xTaskLED'?
    vTaskSuspend(TaskLED);
                 ^~~~~~~
                 xTaskLED
make: *** [src/subdir.mk:23: src/rtos_task_management.o] Error 1
14:25:49 **** Auto Build of configuration Debug for project rtos_task_management ****
make pre-build main-build 
a9-linaro-pre-build-step
' '
'Building file: ../src/rtos_task_management.c'
'Invoking: ARM v7 gcc compiler'
arm-none-eabi-gcc -Wall -O0 -g3 -c -fmessage-length=0 -MT"src/rtos_task_management.o" -mcpu=cortex-a9 -mfpu=vfpv3 -mfloat-abi=hard -I../../rtos_task_management_bsp/ps7_cortexa9_0/include -MMD -MP -MF"src/rtos_task_management.d" -MT"src/rtos_task_management.o" -o "src/rtos_task_management.o" "../src/rtos_task_management.c"
../src/rtos_task_management.c: In function 'main':
../src/rtos_task_management.c:118:2: warning: implicit declaration of function 'printf' [-Wimplicit-function-declaration]
  printf( "Starting TaskLED. . .\r\n" );
  ^~~~~~
../src/rtos_task_management.c:118:2: warning: incompatible implicit declaration of built-in function 'printf'
../src/rtos_task_management.c:118:2: note: include '<stdio.h>' or provide a declaration of 'printf'
../src/rtos_task_management.c:75:1:
+#include <stdio.h>
 //#define printf xil_printf
../src/rtos_task_management.c:118:2:
  printf( "Starting TaskLED. . .\r\n" );
  ^~~~~~
[...]
'Finished building target: rtos_task_management.elf'
' '
'Invoking: ARM v7 Print Size'
arm-none-eabi-size rtos_task_management.elf  |tee "rtos_task_management.elf.size"
   text	   data	    bss	    dec	    hex	filename
  79044	   3400	  89440	 171884	  29f6c	rtos_task_management.elf
'Finished building: rtos_task_management.elf.size'
' '
15:57:46 **** Incremental Build of configuration Debug for project rtos_task_management ****
make pre-build main-build 
a9-linaro-pre-build-step
' '
make: Nothing to be done for 'main-build'.
16:07:28 **** Auto Build of configuration Debug for project rtos_task_management ****
make pre-build main-build 
a9-linaro-pre-build-step
' '
'Building file: ../src/rtos_task_management.c'
'Invoking: ARM v7 gcc compiler'
arm-none-eabi-gcc -Wall -O0 -g3 -c -fmessage-length=0 -MT"src/rtos_task_management.o" -mcpu=cortex-a9 -mfpu=vfpv3 -mfloat-abi=hard -I../../rtos_task_management_bsp/ps7_cortexa9_0/include -MMD -MP -MF"src/rtos_task_management.d" -MT"src/rtos_task_management.o" -o "src/rtos_task_management.o" "../src/rtos_task_management.c"
'Finished building: ../src/rtos_task_management.c'
' '
'Building target: rtos_task_management.elf'
'Invoking: ARM v7 gcc linker'
arm-none-eabi-gcc -mcpu=cortex-a9 -mfpu=vfpv3 -mfloat-abi=hard -Wl,-build-id=none -specs=Xilinx.spec -Wl,-T -Wl,../src/lscript.ld -L../../rtos_task_management_bsp/ps7_cortexa9_0/lib -o "rtos_task_management.elf"  ./src/rtos_task_management.o   -Wl,--start-group,-lxil,-lfreertos,-lgcc,-lc,--end-group
'Finished building target: rtos_task_management.elf'
' '
'Invoking: ARM v7 Print Size'
arm-none-eabi-size rtos_task_management.elf  |tee "rtos_task_management.elf.size"
   text	   data	    bss	    dec	    hex	filename
  79044	   3400	  89440	 171884	  29f6c	rtos_task_management.elf
'Finished building: rtos_task_management.elf.size'
' '
16:09:50 **** Auto Build of configuration Debug for project rtos_task_management ****
make pre-build main-build 
a9-linaro-pre-build-step
' '
'Building file: ../src/rtos_task_management.c'
'Invoking: ARM v7 gcc compiler'
arm-none-eabi-gcc -Wall -O0 -g3 -c -fmessage-length=0 -MT"src/rtos_task_management.o" -mcpu=cortex-a9 -mfpu=vfpv3 -mfloat-abi=hard -I../../rtos_task_management_bsp/ps7_cortexa9_0/include -MMD -MP -MF"src/rtos_task_management.d" -MT"src/rtos_task_management.o" -o "src/rtos_task_management.o" "../src/rtos_task_management.c"
'Finished building: ../src/rtos_task_management.c'
' '
'Building target: rtos_task_management.elf'
'Invoking: ARM v7 gcc linker'
arm-none-eabi-gcc -mcpu=cortex-a9 -mfpu=vfpv3 -mfloat-abi=hard -Wl,-build-id=none -specs=Xilinx.spec -Wl,-T -Wl,../src/lscript.ld -L../../rtos_task_management_bsp/ps7_cortexa9_0/lib -o "rtos_task_management.elf"  ./src/rtos_task_management.o   -Wl,--start-group,-lxil,-lfreertos,-lgcc,-lc,--end-group
'Finished building target: rtos_task_management.elf'
' '
'Invoking: ARM v7 Print Size'
arm-none-eabi-size rtos_task_management.elf  |tee "rtos_task_management.elf.size"
   text	   data	    bss	    dec	    hex	filename
  78884	   3400	  89440	 171724	  29ecc	rtos_task_management.elf
'Finished building: rtos_task_management.elf.size'
' '
16:09:59 **** Incremental Build of configuration Debug for project rtos_task_management ****
make pre-build main-build 
a9-linaro-pre-build-step
' '
make: Nothing to be done for 'main-build'.
16:24:53 **** Auto Build of configuration Debug for project rtos_task_management ****
make pre-build main-build 
a9-linaro-pre-build-step
' '
'Building file: ../src/rtos_task_management.c'
'Invoking: ARM v7 gcc compiler'
arm-none-eabi-gcc -Wall -O0 -g3 -c -fmessage-length=0 -MT"src/rtos_task_management.o" -mcpu=cortex-a9 -mfpu=vfpv3 -mfloat-abi=hard -I../../rtos_task_management_bsp/ps7_cortexa9_0/include -MMD -MP -MF"src/rtos_task_management.d" -MT"src/rtos_task_management.o" -o "src/rtos_task_management.o" "../src/rtos_task_management.c"
'Finished building: ../src/rtos_task_management.c'
' '
'Building target: rtos_task_management.elf'
'Invoking: ARM v7 gcc linker'
arm-none-eabi-gcc -mcpu=cortex-a9 -mfpu=vfpv3 -mfloat-abi=hard -Wl,-build-id=none -specs=Xilinx.spec -Wl,-T -Wl,../src/lscript.ld -L../../rtos_task_management_bsp/ps7_cortexa9_0/lib -o "rtos_task_management.elf"  ./src/rtos_task_management.o   -Wl,--start-group,-lxil,-lfreertos,-lgcc,-lc,--end-group
'Finished building target: rtos_task_management.elf'
' '
'Invoking: ARM v7 Print Size'
arm-none-eabi-size rtos_task_management.elf  |tee "rtos_task_management.elf.size"
   text	   data	    bss	    dec	    hex	filename
  78756	   3400	  89440	 171596	  29e4c	rtos_task_management.elf
'Finished building: rtos_task_management.elf.size'
' '
16:25:30 **** Incremental Build of configuration Debug for project rtos_task_management ****
make pre-build main-build 
a9-linaro-pre-build-step
' '
make: Nothing to be done for 'main-build'.
16:26:09 **** Incremental Build of configuration Debug for project rtos_task_management ****
make pre-build main-build 
a9-linaro-pre-build-step
' '
make: Nothing to be done for 'main-build'.
16:36:42 **** Auto Build of configuration Debug for project rtos_task_management ****
make pre-build main-build 
a9-linaro-pre-build-step
' '
'Building file: ../src/rtos_task_management.c'
'Invoking: ARM v7 gcc compiler'
arm-none-eabi-gcc -Wall -O0 -g3 -c -fmessage-length=0 -MT"src/rtos_task_management.o" -mcpu=cortex-a9 -mfpu=vfpv3 -mfloat-abi=hard -I../../rtos_task_management_bsp/ps7_cortexa9_0/include -MMD -MP -MF"src/rtos_task_management.d" -MT"src/rtos_task_management.o" -o "src/rtos_task_management.o" "../src/rtos_task_management.c"
'Finished building: ../src/rtos_task_management.c'
' '
'Building target: rtos_task_management.elf'
'Invoking: ARM v7 gcc linker'
arm-none-eabi-gcc -mcpu=cortex-a9 -mfpu=vfpv3 -mfloat-abi=hard -Wl,-build-id=none -specs=Xilinx.spec -Wl,-T -Wl,../src/lscript.ld -L../../rtos_task_management_bsp/ps7_cortexa9_0/lib -o "rtos_task_management.elf"  ./src/rtos_task_management.o   -Wl,--start-group,-lxil,-lfreertos,-lgcc,-lc,--end-group
'Finished building target: rtos_task_management.elf'
' '
'Invoking: ARM v7 Print Size'
arm-none-eabi-size rtos_task_management.elf  |tee "rtos_task_management.elf.size"
   text	   data	    bss	    dec	    hex	filename
  78756	   3400	  89456	 171612	  29e5c	rtos_task_management.elf
'Finished building: rtos_task_management.elf.size'
' '
16:40:17 **** Incremental Build of configuration Debug for project rtos_task_management ****
make pre-build main-build 
a9-linaro-pre-build-step
' '
make: Nothing to be done for 'main-build'.
16:41:02 **** Incremental Build of configuration Debug for project rtos_task_management ****
make pre-build main-build 
a9-linaro-pre-build-step
' '
make: Nothing to be done for 'main-build'.
16:48:04 **** Auto Build of configuration Debug for project rtos_task_management ****
make pre-build main-build 
a9-linaro-pre-build-step
' '
'Building file: ../src/rtos_task_management.c'
'Invoking: ARM v7 gcc compiler'
arm-none-eabi-gcc -Wall -O0 -g3 -c -fmessage-length=0 -MT"src/rtos_task_management.o" -mcpu=cortex-a9 -mfpu=vfpv3 -mfloat-abi=hard -I../../rtos_task_management_bsp/ps7_cortexa9_0/include -MMD -MP -MF"src/rtos_task_management.d" -MT"src/rtos_task_management.o" -o "src/rtos_task_management.o" "../src/rtos_task_management.c"
'Finished building: ../src/rtos_task_management.c'
' '
'Building target: rtos_task_management.elf'
'Invoking: ARM v7 gcc linker'
arm-none-eabi-gcc -mcpu=cortex-a9 -mfpu=vfpv3 -mfloat-abi=hard -Wl,-build-id=none -specs=Xilinx.spec -Wl,-T -Wl,../src/lscript.ld -L../../rtos_task_management_bsp/ps7_cortexa9_0/lib -o "rtos_task_management.elf"  ./src/rtos_task_management.o   -Wl,--start-group,-lxil,-lfreertos,-lgcc,-lc,--end-group
'Finished building target: rtos_task_management.elf'
' '
'Invoking: ARM v7 Print Size'
arm-none-eabi-size rtos_task_management.elf  |tee "rtos_task_management.elf.size"
   text	   data	    bss	    dec	    hex	filename
  78884	   3400	  89456	 171740	  29edc	rtos_task_management.elf
'Finished building: rtos_task_management.elf.size'
' '
16:48:17 **** Incremental Build of configuration Debug for project rtos_task_management ****
make pre-build main-build 
a9-linaro-pre-build-step
' '
make: Nothing to be done for 'main-build'.
16:52:11 **** Auto Build of configuration Debug for project rtos_task_management ****
make pre-build main-build 
a9-linaro-pre-build-step
' '
'Building file: ../src/rtos_task_management.c'
'Invoking: ARM v7 gcc compiler'
arm-none-eabi-gcc -Wall -O0 -g3 -c -fmessage-length=0 -MT"src/rtos_task_management.o" -mcpu=cortex-a9 -mfpu=vfpv3 -mfloat-abi=hard -I../../rtos_task_management_bsp/ps7_cortexa9_0/include -MMD -MP -MF"src/rtos_task_management.d" -MT"src/rtos_task_management.o" -o "src/rtos_task_management.o" "../src/rtos_task_management.c"
'Finished building: ../src/rtos_task_management.c'
' '
'Building target: rtos_task_management.elf'
'Invoking: ARM v7 gcc linker'
arm-none-eabi-gcc -mcpu=cortex-a9 -mfpu=vfpv3 -mfloat-abi=hard -Wl,-build-id=none -specs=Xilinx.spec -Wl,-T -Wl,../src/lscript.ld -L../../rtos_task_management_bsp/ps7_cortexa9_0/lib -o "rtos_task_management.elf"  ./src/rtos_task_management.o   -Wl,--start-group,-lxil,-lfreertos,-lgcc,-lc,--end-group
'Finished building target: rtos_task_management.elf'
' '
'Invoking: ARM v7 Print Size'
arm-none-eabi-size rtos_task_management.elf  |tee "rtos_task_management.elf.size"
   text	   data	    bss	    dec	    hex	filename
  78884	   3400	  89456	 171740	  29edc	rtos_task_management.elf
'Finished building: rtos_task_management.elf.size'
' '
16:52:55 **** Incremental Build of configuration Debug for project rtos_task_management ****
make pre-build main-build 
a9-linaro-pre-build-step
' '
make: Nothing to be done for 'main-build'.
16:58:58 **** Auto Build of configuration Debug for project rtos_task_management ****
make pre-build main-build 
a9-linaro-pre-build-step
' '
'Building file: ../src/rtos_task_management.c'
'Invoking: ARM v7 gcc compiler'
arm-none-eabi-gcc -Wall -O0 -g3 -c -fmessage-length=0 -MT"src/rtos_task_management.o" -mcpu=cortex-a9 -mfpu=vfpv3 -mfloat-abi=hard -I../../rtos_task_management_bsp/ps7_cortexa9_0/include -MMD -MP -MF"src/rtos_task_management.d" -MT"src/rtos_task_management.o" -o "src/rtos_task_management.o" "../src/rtos_task_management.c"
'Finished building: ../src/rtos_task_management.c'
' '
'Building target: rtos_task_management.elf'
'Invoking: ARM v7 gcc linker'
arm-none-eabi-gcc -mcpu=cortex-a9 -mfpu=vfpv3 -mfloat-abi=hard -Wl,-build-id=none -specs=Xilinx.spec -Wl,-T -Wl,../src/lscript.ld -L../../rtos_task_management_bsp/ps7_cortexa9_0/lib -o "rtos_task_management.elf"  ./src/rtos_task_management.o   -Wl,--start-group,-lxil,-lfreertos,-lgcc,-lc,--end-group
'Finished building target: rtos_task_management.elf'
' '
'Invoking: ARM v7 Print Size'
arm-none-eabi-size rtos_task_management.elf  |tee "rtos_task_management.elf.size"
   text	   data	    bss	    dec	    hex	filename
  79108	   3400	  89456	 171964	  29fbc	rtos_task_management.elf
'Finished building: rtos_task_management.elf.size'
' '
16:59:16 **** Incremental Build of configuration Debug for project rtos_task_management ****
make pre-build main-build 
a9-linaro-pre-build-step
' '
make: Nothing to be done for 'main-build'.
17:08:21 **** Auto Build of configuration Debug for project rtos_task_management ****
make pre-build main-build 
a9-linaro-pre-build-step
' '
'Building file: ../src/rtos_task_management.c'
'Invoking: ARM v7 gcc compiler'
arm-none-eabi-gcc -Wall -O0 -g3 -c -fmessage-length=0 -MT"src/rtos_task_management.o" -mcpu=cortex-a9 -mfpu=vfpv3 -mfloat-abi=hard -I../../rtos_task_management_bsp/ps7_cortexa9_0/include -MMD -MP -MF"src/rtos_task_management.d" -MT"src/rtos_task_management.o" -o "src/rtos_task_management.o" "../src/rtos_task_management.c"
'Finished building: ../src/rtos_task_management.c'
' '
'Building target: rtos_task_management.elf'
'Invoking: ARM v7 gcc linker'
arm-none-eabi-gcc -mcpu=cortex-a9 -mfpu=vfpv3 -mfloat-abi=hard -Wl,-build-id=none -specs=Xilinx.spec -Wl,-T -Wl,../src/lscript.ld -L../../rtos_task_management_bsp/ps7_cortexa9_0/lib -o "rtos_task_management.elf"  ./src/rtos_task_management.o   -Wl,--start-group,-lxil,-lfreertos,-lgcc,-lc,--end-group
'Finished building target: rtos_task_management.elf'
' '
'Invoking: ARM v7 Print Size'
arm-none-eabi-size rtos_task_management.elf  |tee "rtos_task_management.elf.size"
   text	   data	    bss	    dec	    hex	filename
  79108	   3400	  89456	 171964	  29fbc	rtos_task_management.elf
'Finished building: rtos_task_management.elf.size'
' '
17:08:41 **** Incremental Build of configuration Debug for project rtos_task_management ****
make pre-build main-build 
a9-linaro-pre-build-step
' '
make: Nothing to be done for 'main-build'.
17:13:35 **** Incremental Build of configuration Debug for project rtos_task_management ****
make pre-build main-build 
a9-linaro-pre-build-step
' '
'Building file: ../src/rtos_task_management.c'
'Invoking: ARM v7 gcc compiler'
arm-none-eabi-gcc -Wall -O0 -g3 -c -fmessage-length=0 -MT"src/rtos_task_management.o" -mcpu=cortex-a9 -mfpu=vfpv3 -mfloat-abi=hard -I../../rtos_task_management_bsp/ps7_cortexa9_0/include -MMD -MP -MF"src/rtos_task_management.d" -MT"src/rtos_task_management.o" -o "src/rtos_task_management.o" "../src/rtos_task_management.c"
'Finished building: ../src/rtos_task_management.c'
' '
'Building target: rtos_task_management.elf'
'Invoking: ARM v7 gcc linker'
arm-none-eabi-gcc -mcpu=cortex-a9 -mfpu=vfpv3 -mfloat-abi=hard -Wl,-build-id=none -specs=Xilinx.spec -Wl,-T -Wl,../src/lscript.ld -L../../rtos_task_management_bsp/ps7_cortexa9_0/lib -o "rtos_task_management.elf"  ./src/rtos_task_management.o   -Wl,--start-group,-lxil,-lfreertos,-lgcc,-lc,--end-group
'Finished building target: rtos_task_management.elf'
' '
'Invoking: ARM v7 Print Size'
arm-none-eabi-size rtos_task_management.elf  |tee "rtos_task_management.elf.size"
   text	   data	    bss	    dec	    hex	filename
  79108	   3400	  89456	 171964	  29fbc	rtos_task_management.elf
'Finished building: rtos_task_management.elf.size'
' '
20:33:12 **** Auto Build of configuration Debug for project rtos_task_management ****
make pre-build main-build 
a9-linaro-pre-build-step
' '
'Building file: ../src/rtos_task_management.c'
'Invoking: ARM v7 gcc compiler'
arm-none-eabi-gcc -Wall -O0 -g3 -c -fmessage-length=0 -MT"src/rtos_task_management.o" -mcpu=cortex-a9 -mfpu=vfpv3 -mfloat-abi=hard -I../../rtos_task_management_bsp/ps7_cortexa9_0/include -MMD -MP -MF"src/rtos_task_management.d" -MT"src/rtos_task_management.o" -o "src/rtos_task_management.o" "../src/rtos_task_management.c"
'Finished building: ../src/rtos_task_management.c'
' '
'Building target: rtos_task_management.elf'
'Invoking: ARM v7 gcc linker'
arm-none-eabi-gcc -mcpu=cortex-a9 -mfpu=vfpv3 -mfloat-abi=hard -Wl,-build-id=none -specs=Xilinx.spec -Wl,-T -Wl,../src/lscript.ld -L../../rtos_task_management_bsp/ps7_cortexa9_0/lib -o "rtos_task_management.elf"  ./src/rtos_task_management.o   -Wl,--start-group,-lxil,-lfreertos,-lgcc,-lc,--end-group
'Finished building target: rtos_task_management.elf'
' '
'Invoking: ARM v7 Print Size'
arm-none-eabi-size rtos_task_management.elf  |tee "rtos_task_management.elf.size"
   text	   data	    bss	    dec	    hex	filename
  79172	   3400	  89456	 172028	  29ffc	rtos_task_management.elf
'Finished building: rtos_task_management.elf.size'
' '
20:40:14 **** Incremental Build of configuration Debug for project rtos_task_management ****
make pre-build main-build 
a9-linaro-pre-build-step
' '
make: Nothing to be done for 'main-build'.
20:47:11 **** Auto Build of configuration Debug for project rtos_task_management ****
make pre-build main-build 
a9-linaro-pre-build-step
' '
'Building file: ../src/rtos_task_management.c'
'Invoking: ARM v7 gcc compiler'
arm-none-eabi-gcc -Wall -O0 -g3 -c -fmessage-length=0 -MT"src/rtos_task_management.o" -mcpu=cortex-a9 -mfpu=vfpv3 -mfloat-abi=hard -I../../rtos_task_management_bsp/ps7_cortexa9_0/include -MMD -MP -MF"src/rtos_task_management.d" -MT"src/rtos_task_management.o" -o "src/rtos_task_management.o" "../src/rtos_task_management.c"
'Finished building: ../src/rtos_task_management.c'
' '
'Building target: rtos_task_management.elf'
'Invoking: ARM v7 gcc linker'
arm-none-eabi-gcc -mcpu=cortex-a9 -mfpu=vfpv3 -mfloat-abi=hard -Wl,-build-id=none -specs=Xilinx.spec -Wl,-T -Wl,../src/lscript.ld -L../../rtos_task_management_bsp/ps7_cortexa9_0/lib -o "rtos_task_management.elf"  ./src/rtos_task_management.o   -Wl,--start-group,-lxil,-lfreertos,-lgcc,-lc,--end-group
'Finished building target: rtos_task_management.elf'
' '
'Invoking: ARM v7 Print Size'
arm-none-eabi-size rtos_task_management.elf  |tee "rtos_task_management.elf.size"
   text	   data	    bss	    dec	    hex	filename
  79236	   3400	  89456	 172092	  2a03c	rtos_task_management.elf
'Finished building: rtos_task_management.elf.size'
' '
20:49:00 **** Auto Build of configuration Debug for project rtos_task_management ****
make pre-build main-build 
a9-linaro-pre-build-step
' '
'Building file: ../src/rtos_task_management.c'
'Invoking: ARM v7 gcc compiler'
arm-none-eabi-gcc -Wall -O0 -g3 -c -fmessage-length=0 -MT"src/rtos_task_management.o" -mcpu=cortex-a9 -mfpu=vfpv3 -mfloat-abi=hard -I../../rtos_task_management_bsp/ps7_cortexa9_0/include -MMD -MP -MF"src/rtos_task_management.d" -MT"src/rtos_task_management.o" -o "src/rtos_task_management.o" "../src/rtos_task_management.c"
'Finished building: ../src/rtos_task_management.c'
' '
'Building target: rtos_task_management.elf'
'Invoking: ARM v7 gcc linker'
arm-none-eabi-gcc -mcpu=cortex-a9 -mfpu=vfpv3 -mfloat-abi=hard -Wl,-build-id=none -specs=Xilinx.spec -Wl,-T -Wl,../src/lscript.ld -L../../rtos_task_management_bsp/ps7_cortexa9_0/lib -o "rtos_task_management.elf"  ./src/rtos_task_management.o   -Wl,--start-group,-lxil,-lfreertos,-lgcc,-lc,--end-group
'Finished building target: rtos_task_management.elf'
' '
'Invoking: ARM v7 Print Size'
arm-none-eabi-size rtos_task_management.elf  |tee "rtos_task_management.elf.size"
   text	   data	    bss	    dec	    hex	filename
  79236	   3400	  89456	 172092	  2a03c	rtos_task_management.elf
'Finished building: rtos_task_management.elf.size'
' '
20:50:01 **** Auto Build of configuration Debug for project rtos_task_management ****
make pre-build main-build 
a9-linaro-pre-build-step
' '
'Building file: ../src/rtos_task_management.c'
'Invoking: ARM v7 gcc compiler'
arm-none-eabi-gcc -Wall -O0 -g3 -c -fmessage-length=0 -MT"src/rtos_task_management.o" -mcpu=cortex-a9 -mfpu=vfpv3 -mfloat-abi=hard -I../../rtos_task_management_bsp/ps7_cortexa9_0/include -MMD -MP -MF"src/rtos_task_management.d" -MT"src/rtos_task_management.o" -o "src/rtos_task_management.o" "../src/rtos_task_management.c"
'Finished building: ../src/rtos_task_management.c'
' '
'Building target: rtos_task_management.elf'
'Invoking: ARM v7 gcc linker'
arm-none-eabi-gcc -mcpu=cortex-a9 -mfpu=vfpv3 -mfloat-abi=hard -Wl,-build-id=none -specs=Xilinx.spec -Wl,-T -Wl,../src/lscript.ld -L../../rtos_task_management_bsp/ps7_cortexa9_0/lib -o "rtos_task_management.elf"  ./src/rtos_task_management.o   -Wl,--start-group,-lxil,-lfreertos,-lgcc,-lc,--end-group
'Finished building target: rtos_task_management.elf'
' '
'Invoking: ARM v7 Print Size'
arm-none-eabi-size rtos_task_management.elf  |tee "rtos_task_management.elf.size"
   text	   data	    bss	    dec	    hex	filename
  79236	   3400	  89456	 172092	  2a03c	rtos_task_management.elf
'Finished building: rtos_task_management.elf.size'
' '
20:50:23 **** Incremental Build of configuration Debug for project rtos_task_management ****
make pre-build main-build 
a9-linaro-pre-build-step
' '
make: Nothing to be done for 'main-build'.
