22:45:41 **** Auto Build of configuration Debug for project initials_FreeRTOStm ****
make pre-build main-build 
a9-linaro-pre-build-step
' '
'Building file: ../src/initials_FreeRTOStm.c'
'Invoking: ARM v7 gcc compiler'
arm-none-eabi-gcc -Wall -O0 -g3 -c -fmessage-length=0 -MT"src/initials_FreeRTOStm.o" -mcpu=cortex-a9 -mfpu=vfpv3 -mfloat-abi=hard -I../../initials_FreeRTOStm_bsp/ps7_cortexa9_0/include -MMD -MP -MF"src/initials_FreeRTOStm.d" -MT"src/initials_FreeRTOStm.o" -o "src/initials_FreeRTOStm.o" "../src/initials_FreeRTOStm.c"
'Finished building: ../src/initials_FreeRTOStm.c'
' '
'Building target: initials_FreeRTOStm.elf'
'Invoking: ARM v7 gcc linker'
arm-none-eabi-gcc -mcpu=cortex-a9 -mfpu=vfpv3 -mfloat-abi=hard -Wl,-build-id=none -specs=Xilinx.spec -Wl,-T -Wl,../src/lscript.ld -L../../initials_FreeRTOStm_bsp/ps7_cortexa9_0/lib -o "initials_FreeRTOStm.elf"  ./src/initials_FreeRTOStm.o   -Wl,--start-group,-lxil,-lfreertos,-lgcc,-lc,--end-group
'Finished building target: initials_FreeRTOStm.elf'
' '
'Invoking: ARM v7 Print Size'
arm-none-eabi-size initials_FreeRTOStm.elf  |tee "initials_FreeRTOStm.elf.size"
   text	   data	    bss	    dec	    hex	filename
  79804	   3400	  89456	 172660	  2a274	initials_FreeRTOStm.elf
'Finished building: initials_FreeRTOStm.elf.size'
' '

22:45:44 Build Finished (took 2s.642ms)

